
[Parabricks Options Mesg]: Checking argument compatibility
[Parabricks Options Mesg]: Set --bwa-options="-K #" to produce compatible pair-ended results with previous versions of
fq2bam or BWA MEM.
[Parabricks Options Mesg]: Automatically generating ID prefix
[Parabricks Options Mesg]: Read group created for /data/Jyotirmoy/JD/TwistMethylFlow-
devel/2026-05-12/TwistNext/work/0f/d5da80c4f831df83eefd0df8154c6e/ERR11435642_1_val_1.fq.gz and
/data/Jyotirmoy/JD/TwistMethylFlow-
devel/2026-05-12/TwistNext/work/0f/d5da80c4f831df83eefd0df8154c6e/ERR11435642_2_val_2.fq.gz
[Parabricks Options Mesg]: @RG\tID:ERR11435642.1.1\tLB:lib1\tPL:bar\tSM:sample\tPU:ERR11435642.1.1
[PB Info 2026-May-13 10:02:39] ------------------------------------------------------------------------------
[PB Info 2026-May-13 10:02:39] ||                 Parabricks accelerated Genomics Pipeline                 ||
[PB Info 2026-May-13 10:02:39] ||                              Version 4.4.0-1                             ||
[PB Info 2026-May-13 10:02:39] ||                      GPU-PBBWA mem, Sorting Phase-I                      ||
[PB Info 2026-May-13 10:02:39] ------------------------------------------------------------------------------
[PB Info 2026-May-13 10:02:39] Mode = pair-ended-gpu
[PB Info 2026-May-13 10:02:39] Running with 3 GPU(s), using 4 stream(s) per device with 16 worker threads per GPU
[PB Info 2026-May-13 10:02:49] # 36  0  0  0  0   0 pool:  0 0 bases/GPU/minute: 0.0 
[PB Info 2026-May-13 10:02:50] Single-ended recovery mode for batch with 196608 (both ends) reads before itself
[PB Info 2026-May-13 10:02:50] Single-ended recovery mode for batch with 0 (both ends) reads before itself
[PB Info 2026-May-13 10:02:50] Single-ended recovery mode for batch with 65536 (both ends) reads before itself
[PB Info 2026-May-13 10:02:50] Single-ended recovery mode for batch with 262144 (both ends) reads before itself
[PB Info 2026-May-13 10:02:50] Single-ended recovery mode for batch with 131072 (both ends) reads before itself
[PB Info 2026-May-13 10:02:50] Single-ended recovery mode for batch with 327680 (both ends) reads before itself
[PB Info 2026-May-13 10:02:51] Single-ended recovery mode for batch with 655360 (both ends) reads before itself
[PB Info 2026-May-13 10:02:51] Single-ended recovery mode for batch with 720896 (both ends) reads before itself
[PB Info 2026-May-13 10:02:51] Single-ended recovery mode for batch with 393216 (both ends) reads before itself
[PB Info 2026-May-13 10:02:51] Single-ended recovery mode for batch with 458752 (both ends) reads before itself
[PB Info 2026-May-13 10:02:51] Single-ended recovery mode for batch with 524288 (both ends) reads before itself
[PB Info 2026-May-13 10:02:51] Single-ended recovery mode for batch with 589824 (both ends) reads before itself
[PB Info 2026-May-13 10:02:51] Single-ended recovery mode for batch with 786432 (both ends) reads before itself
[PB Info 2026-May-13 10:02:51] Single-ended recovery mode for batch with 1048576 (both ends) reads before itself
[PB Info 2026-May-13 10:02:51] Single-ended recovery mode for batch with 1114112 (both ends) reads before itself
[PB Info 2026-May-13 10:02:51] Single-ended recovery mode for batch with 1245184 (both ends) reads before itself
[PB Info 2026-May-13 10:02:51] Single-ended recovery mode for batch with 1310720 (both ends) reads before itself
[PB Info 2026-May-13 10:02:51] Single-ended recovery mode for batch with 1376256 (both ends) reads before itself
[PB Info 2026-May-13 10:02:51] Single-ended recovery mode for batch with 851968 (both ends) reads before itself
[PB Info 2026-May-13 10:02:51] Single-ended recovery mode for batch with 983040 (both ends) reads before itself
[PB Info 2026-May-13 10:02:51] Single-ended recovery mode for batch with 917504 (both ends) reads before itself
[PB Info 2026-May-13 10:02:51] Single-ended recovery mode for batch with 1507328 (both ends) reads before itself
[PB Info 2026-May-13 10:02:51] Single-ended recovery mode for batch with 1179648 (both ends) reads before itself
[PB Info 2026-May-13 10:02:51] Single-ended recovery mode for batch with 1441792 (both ends) reads before itself
[PB Info 2026-May-13 10:02:51] Single-ended recovery mode for batch with 1572864 (both ends) reads before itself
[PB Info 2026-May-13 10:02:51] Single-ended recovery mode for batch with 1835008 (both ends) reads before itself
[PB Info 2026-May-13 10:02:51] Single-ended recovery mode for batch with 2097152 (both ends) reads before itself
[PB Info 2026-May-13 10:02:51] Single-ended recovery mode for batch with 2031616 (both ends) reads before itself
[PB Info 2026-May-13 10:02:51] Single-ended recovery mode for batch with 1703936 (both ends) reads before itself
[PB Info 2026-May-13 10:02:51] Single-ended recovery mode for batch with 1638400 (both ends) reads before itself
[PB Info 2026-May-13 10:02:51] Single-ended recovery mode for batch with 1769472 (both ends) reads before itself
[PB Info 2026-May-13 10:02:51] Single-ended recovery mode for batch with 2162688 (both ends) reads before itself
[PB Info 2026-May-13 10:02:51] Single-ended recovery mode for batch with 1966080 (both ends) reads before itself
[PB Info 2026-May-13 10:02:51] Single-ended recovery mode for batch with 2228224 (both ends) reads before itself
[PB Info 2026-May-13 10:02:52] Single-ended recovery mode for batch with 2490368 (both ends) reads before itself
[PB Info 2026-May-13 10:02:52] Single-ended recovery mode for batch with 1900544 (both ends) reads before itself
[PB Info 2026-May-13 10:02:52] Single-ended recovery mode for batch with 2359296 (both ends) reads before itself
[PB Info 2026-May-13 10:02:52] Single-ended recovery mode for batch with 2621440 (both ends) reads before itself
[PB Info 2026-May-13 10:02:52] Single-ended recovery mode for batch with 2686976 (both ends) reads before itself
[PB Info 2026-May-13 10:02:52] Single-ended recovery mode for batch with 2555904 (both ends) reads before itself
[PB Info 2026-May-13 10:02:52] Single-ended recovery mode for batch with 2883584 (both ends) reads before itself
[PB Info 2026-May-13 10:02:52] Single-ended recovery mode for batch with 2293760 (both ends) reads before itself
[PB Info 2026-May-13 10:02:52] Single-ended recovery mode for batch with 2949120 (both ends) reads before itself
[PB Info 2026-May-13 10:02:52] Single-ended recovery mode for batch with 2424832 (both ends) reads before itself
[PB Info 2026-May-13 10:02:52] Single-ended recovery mode for batch with 2752512 (both ends) reads before itself
[PB Info 2026-May-13 10:02:52] Single-ended recovery mode for batch with 3211264 (both ends) reads before itself
[PB Info 2026-May-13 10:02:52] Single-ended recovery mode for batch with 3080192 (both ends) reads before itself
[PB Info 2026-May-13 10:02:52] Single-ended recovery mode for batch with 3014656 (both ends) reads before itself
[PB Info 2026-May-13 10:02:52] Single-ended recovery mode for batch with 3538944 (both ends) reads before itself
[PB Info 2026-May-13 10:02:52] Single-ended recovery mode for batch with 3342336 (both ends) reads before itself
[PB Info 2026-May-13 10:02:52] Single-ended recovery mode for batch with 2818048 (both ends) reads before itself
[PB Info 2026-May-13 10:02:52] Single-ended recovery mode for batch with 3145728 (both ends) reads before itself
[PB Info 2026-May-13 10:02:52] Single-ended recovery mode for batch with 3276800 (both ends) reads before itself
[PB Info 2026-May-13 10:02:52] Single-ended recovery mode for batch with 3473408 (both ends) reads before itself
[PB Info 2026-May-13 10:02:52] Single-ended recovery mode for batch with 3735552 (both ends) reads before itself
[PB Info 2026-May-13 10:02:52] Single-ended recovery mode for batch with 3407872 (both ends) reads before itself
[PB Info 2026-May-13 10:02:52] Single-ended recovery mode for batch with 3670016 (both ends) reads before itself
[PB Info 2026-May-13 10:02:52] Single-ended recovery mode for batch with 3932160 (both ends) reads before itself
[PB Info 2026-May-13 10:02:52] Single-ended recovery mode for batch with 3604480 (both ends) reads before itself
[PB Info 2026-May-13 10:02:52] Single-ended recovery mode for batch with 3997696 (both ends) reads before itself
[PB Info 2026-May-13 10:02:52] Single-ended recovery mode for batch with 3866624 (both ends) reads before itself
[PB Info 2026-May-13 10:02:52] Single-ended recovery mode for batch with 3801088 (both ends) reads before itself
[PB Info 2026-May-13 10:02:53] Single-ended recovery mode for batch with 4063232 (both ends) reads before itself
[PB Info 2026-May-13 10:02:53] Single-ended recovery mode for batch with 4128768 (both ends) reads before itself
[PB Info 2026-May-13 10:02:54] Single-ended recovery mode for batch with 4194304 (both ends) reads before itself
[PB Info 2026-May-13 10:02:55] Single-ended recovery mode for batch with 4259840 (both ends) reads before itself
[PB Info 2026-May-13 10:02:56] Single-ended recovery mode for batch with 4325376 (both ends) reads before itself
[PB Info 2026-May-13 10:02:57] Single-ended recovery mode for batch with 4390912 (both ends) reads before itself
[PB Info 2026-May-13 10:02:57] Single-ended recovery mode for batch with 4456448 (both ends) reads before itself
[PB Info 2026-May-13 10:02:58] Single-ended recovery mode for batch with 4521984 (both ends) reads before itself
[PB Info 2026-May-13 10:02:58] Single-ended recovery mode for batch with 4587520 (both ends) reads before itself
[PB Info 2026-May-13 10:02:59] #  0  0  0  0 68   0 pool:  0 0 bases/GPU/minute: 0.0 
[PB Info 2026-May-13 10:02:59] Single-ended recovery mode for batch with 4653056 (both ends) reads before itself
[PB Info 2026-May-13 10:02:59] Single-ended recovery mode for batch with 4718592 (both ends) reads before itself
[PB Info 2026-May-13 10:03:00] Single-ended recovery mode for batch with 4784128 (both ends) reads before itself
[PB Info 2026-May-13 10:03:00] Single-ended recovery mode for batch with 4849664 (both ends) reads before itself
[PB Info 2026-May-13 10:03:01] Single-ended recovery mode for batch with 4915200 (both ends) reads before itself
[PB Info 2026-May-13 10:03:01] Single-ended recovery mode for batch with 4980736 (both ends) reads before itself
[PB Info 2026-May-13 10:03:02] Single-ended recovery mode for batch with 5046272 (both ends) reads before itself
[PB Info 2026-May-13 10:03:02] Single-ended recovery mode for batch with 5111808 (both ends) reads before itself
[PB Info 2026-May-13 10:03:03] Single-ended recovery mode for batch with 5177344 (both ends) reads before itself
[PB Info 2026-May-13 10:03:03] Single-ended recovery mode for batch with 5242880 (both ends) reads before itself
[PB Info 2026-May-13 10:03:03] Single-ended recovery mode for batch with 5308416 (both ends) reads before itself
[PB Info 2026-May-13 10:03:04] Single-ended recovery mode for batch with 5373952 (both ends) reads before itself
[PB Info 2026-May-13 10:03:05] Single-ended recovery mode for batch with 5439488 (both ends) reads before itself
[PB Info 2026-May-13 10:03:05] Single-ended recovery mode for batch with 5505024 (both ends) reads before itself
[PB Info 2026-May-13 10:03:06] Single-ended recovery mode for batch with 5570560 (both ends) reads before itself
[PB Info 2026-May-13 10:03:06] Single-ended recovery mode for batch with 5636096 (both ends) reads before itself
[PB Info 2026-May-13 10:03:06] Single-ended recovery mode for batch with 5701632 (both ends) reads before itself
[PB Info 2026-May-13 10:03:07] Single-ended recovery mode for batch with 5767168 (both ends) reads before itself
[PB Info 2026-May-13 10:03:07] Single-ended recovery mode for batch with 5832704 (both ends) reads before itself
[PB Info 2026-May-13 10:03:08] Single-ended recovery mode for batch with 5898240 (both ends) reads before itself
[PB Info 2026-May-13 10:03:08] Single-ended recovery mode for batch with 5963776 (both ends) reads before itself
[PB Info 2026-May-13 10:03:09] #  0  0  0  0 89   0 pool:  0 0 bases/GPU/minute: 0.0 
[PB Info 2026-May-13 10:03:09] Single-ended recovery mode for batch with 6029312 (both ends) reads before itself
[PB Info 2026-May-13 10:03:09] Single-ended recovery mode for batch with 6094848 (both ends) reads before itself
[PB Info 2026-May-13 10:03:10] Single-ended recovery mode for batch with 6160384 (both ends) reads before itself
[PB Info 2026-May-13 10:03:10] Single-ended recovery mode for batch with 6225920 (both ends) reads before itself
[PB Info 2026-May-13 10:03:11] Single-ended recovery mode for batch with 6291456 (both ends) reads before itself
[PB Info 2026-May-13 10:03:11] Single-ended recovery mode for batch with 6356992 (both ends) reads before itself
[PB Info 2026-May-13 10:03:11] Single-ended recovery mode for batch with 6422528 (both ends) reads before itself
[PB Info 2026-May-13 10:03:12] Single-ended recovery mode for batch with 6488064 (both ends) reads before itself
[PB Info 2026-May-13 10:03:12] Single-ended recovery mode for batch with 6553600 (both ends) reads before itself
[PB Info 2026-May-13 10:03:13] Single-ended recovery mode for batch with 6619136 (both ends) reads before itself
[PB Info 2026-May-13 10:03:13] Single-ended recovery mode for batch with 6684672 (both ends) reads before itself
[PB Info 2026-May-13 10:03:13] Single-ended recovery mode for batch with 6750208 (both ends) reads before itself
[PB Info 2026-May-13 10:03:14] Single-ended recovery mode for batch with 6815744 (both ends) reads before itself
[PB Info 2026-May-13 10:03:15] Single-ended recovery mode for batch with 6881280 (both ends) reads before itself
[PB Info 2026-May-13 10:03:15] Single-ended recovery mode for batch with 6946816 (both ends) reads before itself
[PB Info 2026-May-13 10:03:16] Single-ended recovery mode for batch with 7012352 (both ends) reads before itself
[PB Info 2026-May-13 10:03:16] Single-ended recovery mode for batch with 7077888 (both ends) reads before itself
[PB Info 2026-May-13 10:03:17] Single-ended recovery mode for batch with 7143424 (both ends) reads before itself
[PB Info 2026-May-13 10:03:18] Single-ended recovery mode for batch with 7208960 (both ends) reads before itself
[PB Info 2026-May-13 10:03:18] Single-ended recovery mode for batch with 7274496 (both ends) reads before itself
[PB Info 2026-May-13 10:03:19] Single-ended recovery mode for batch with 7340032 (both ends) reads before itself
[PB Info 2026-May-13 10:03:19] #  0  0  0  0 100   0 pool:  0 0 bases/GPU/minute: 0.0 
[PB Info 2026-May-13 10:03:19] Single-ended recovery mode for batch with 7405568 (both ends) reads before itself
[PB Info 2026-May-13 10:03:20] Single-ended recovery mode for batch with 7471104 (both ends) reads before itself
[PB Info 2026-May-13 10:03:29] # 16  0  0  0 100   0 pool:  0 0 bases/GPU/minute: 0.0 
[PB Info 2026-May-13 10:03:39] # 45  0  0  0 100   0 pool:  0 0 bases/GPU/minute: 0.0 
[PB Info 2026-May-13 10:03:49] # 66  0  0  0 100   0 pool:  0 0 bases/GPU/minute: 0.0 
[PB Info 2026-May-13 10:03:59] # 87  0  0  0 100   0 pool:  0 0 bases/GPU/minute: 0.0 
[PB Info 2026-May-13 10:04:09] # 100  0  0  0 100   0 pool:  0 0 bases/GPU/minute: 0.0 
[PB Info 2026-May-13 10:04:10] Pair-ended recovery mode for batch with 65536 (both ends) reads before itself
[PB Info 2026-May-13 10:04:11] Pair-ended recovery mode for batch with 196608 (both ends) reads before itself
[PB Info 2026-May-13 10:04:13] Pair-ended recovery mode for batch with 0 (both ends) reads before itself
[PB Info 2026-May-13 10:04:19] # 100  0  0  0 100   0 pool:  0 0 bases/GPU/minute: 0.0 
[PB Info 2026-May-13 10:04:29] # 100  0  0  0 100   0 pool:  0 0 bases/GPU/minute: 0.0 
[PB Info 2026-May-13 10:04:37] Single-ended recovery mode for batch with 7798784 (both ends) reads before itself
[PB Info 2026-May-13 10:04:37] Single-ended recovery mode for batch with 7733248 (both ends) reads before itself
[PB Info 2026-May-13 10:04:37] Single-ended recovery mode for batch with 7667712 (both ends) reads before itself
[PB Info 2026-May-13 10:04:37] Single-ended recovery mode for batch with 7602176 (both ends) reads before itself
[PB Info 2026-May-13 10:04:37] Single-ended recovery mode for batch with 7536640 (both ends) reads before itself
[PB Info 2026-May-13 10:04:39] # 99  0  0  0 104   0 pool:  0 6504199 bases/GPU/minute: 13008398.0 
[PB Info 2026-May-13 10:04:49] # 100  0  0  0 102   0 pool:  2 19506811 bases/GPU/minute: 26005224.0 
[PB Info 2026-May-13 10:04:59] # 100  0  0  0 102   0 pool:  2 19506811 bases/GPU/minute: 0.0 
[PB Info 2026-May-13 10:05:09] # 100  0  0  0 102   0 pool:  2 19506811 bases/GPU/minute: 0.0 
[PB Info 2026-May-13 10:05:19] # 100  0  0  0 102   0 pool:  2 19506811 bases/GPU/minute: 0.0 
[PB Info 2026-May-13 10:05:29] # 100  0  0  0 102   0 pool:  2 19506811 bases/GPU/minute: 0.0 
[PB Info 2026-May-13 10:05:39] # 100  0  0  0 102   0 pool:  2 19506811 bases/GPU/minute: 0.0 
[PB Info 2026-May-13 10:05:49] # 100  0  0  0 102   0 pool:  2 19506811 bases/GPU/minute: 0.0 
[PB Info 2026-May-13 10:05:53] Pair-ended recovery mode for batch with 262144 (both ends) reads before itself
[PB Info 2026-May-13 10:05:54] Pair-ended recovery mode for batch with 131072 (both ends) reads before itself
[PB Info 2026-May-13 10:05:59] # 100  0  0  0 102   0 pool:  2 19506811 bases/GPU/minute: 0.0 
[PB Info 2026-May-13 10:05:59] Pair-ended recovery mode for batch with 327680 (both ends) reads before itself
[PB Info 2026-May-13 10:06:09] # 100  0  0  0 102   0 pool:  2 19506811 bases/GPU/minute: 0.0 
[PB Info 2026-May-13 10:06:19] # 100  0  0  0 102   0 pool:  2 19506811 bases/GPU/minute: 0.0 
[PB Info 2026-May-13 10:06:29] # 100  0  0  0 100   0 pool:  4 32511410 bases/GPU/minute: 26009198.0 
[PB Info 2026-May-13 10:06:31] Single-ended recovery mode for batch with 7864320 (both ends) reads before itself
[PB Info 2026-May-13 10:06:31] Single-ended recovery mode for batch with 8060928 (both ends) reads before itself
[PB Info 2026-May-13 10:06:31] Single-ended recovery mode for batch with 7995392 (both ends) reads before itself
[PB Info 2026-May-13 10:06:31] Single-ended recovery mode for batch with 7929856 (both ends) reads before itself
[PB Info 2026-May-13 10:06:39] # 100  0  0  0 103   0 pool:  1 39014381 bases/GPU/minute: 13005942.0 
[PB Info 2026-May-13 10:06:49] # 100  0  0  0 103   0 pool:  1 39014381 bases/GPU/minute: 0.0 
[PB Info 2026-May-13 10:06:59] # 100  0  0  0 103   0 pool:  1 39014381 bases/GPU/minute: 0.0 
[PB Info 2026-May-13 10:07:09] # 100  0  0  0 103   0 pool:  1 39014381 bases/GPU/minute: 0.0 
[PB Info 2026-May-13 10:07:19] # 100  0  0  0 103   0 pool:  1 39014381 bases/GPU/minute: 0.0 
[PB Info 2026-May-13 10:07:29] # 100  0  0  0 103   0 pool:  1 39014381 bases/GPU/minute: 0.0 
[PB Info 2026-May-13 10:07:39] # 100  0  0  0 103   0 pool:  1 39014381 bases/GPU/minute: 0.0 
[PB Info 2026-May-13 10:07:40] Pair-ended recovery mode for batch with 720896 (both ends) reads before itself
[PB Info 2026-May-13 10:07:42] Pair-ended recovery mode for batch with 655360 (both ends) reads before itself
[PB Info 2026-May-13 10:07:49] # 100  0  0  0 103   0 pool:  1 39014381 bases/GPU/minute: 0.0 
[PB Info 2026-May-13 10:07:50] Pair-ended recovery mode for batch with 393216 (both ends) reads before itself
[PB Info 2026-May-13 10:07:59] # 100  0  0  0 103   0 pool:  1 39014381 bases/GPU/minute: 0.0 
[PB Info 2026-May-13 10:08:09] # 100  0  0  0 103   0 pool:  1 39014381 bases/GPU/minute: 0.0 
[PB Info 2026-May-13 10:08:19] # 100  0  0  0 102   0 pool:  2 45514727 bases/GPU/minute: 13000692.0 
[PB Info 2026-May-13 10:08:29] # 100  0  0  0 101   0 pool:  3 52018516 bases/GPU/minute: 13007578.0 
[PB Info 2026-May-13 10:08:39] # 100  0  0  0 100   0 pool:  4 58520289 bases/GPU/minute: 13003546.0 
[PB Info 2026-May-13 10:08:49] # 100  0  0  0 100   0 pool:  4 58520289 bases/GPU/minute: 0.0 
[PB Info 2026-May-13 10:08:59] # 100  0  0  0 100   0 pool:  4 58520289 bases/GPU/minute: 0.0 
[PB Info 2026-May-13 10:09:09] # 100  0  0  0 100   0 pool:  4 58520289 bases/GPU/minute: 0.0 
[PB Info 2026-May-13 10:09:19] # 100  0  0  0 100   0 pool:  4 58520289 bases/GPU/minute: 0.0 
[PB Info 2026-May-13 10:09:29] # 100  0  0  0 100   0 pool:  4 58520289 bases/GPU/minute: 0.0 
[PB Info 2026-May-13 10:09:39] # 100  0  0  0 100   0 pool:  4 58520289 bases/GPU/minute: 0.0 
[PB Info 2026-May-13 10:09:40] Pair-ended recovery mode for batch with 458752 (both ends) reads before itself
[PB Info 2026-May-13 10:09:48] Pair-ended recovery mode for batch with 524288 (both ends) reads before itself
[PB Info 2026-May-13 10:09:49] # 100  0  0  0 100   0 pool:  4 58520289 bases/GPU/minute: 0.0 
[PB Info 2026-May-13 10:09:52] Pair-ended recovery mode for batch with 589824 (both ends) reads before itself
[PB Info 2026-May-13 10:09:59] # 100  0  0  0 100   0 pool:  4 58520289 bases/GPU/minute: 0.0 
[PB Info 2026-May-13 10:10:08] Single-ended recovery mode for batch with 8323072 (both ends) reads before itself
[PB Info 2026-May-13 10:10:08] Single-ended recovery mode for batch with 8126464 (both ends) reads before itself
[PB Info 2026-May-13 10:10:08] Single-ended recovery mode for batch with 8192000 (both ends) reads before itself
[PB Info 2026-May-13 10:10:08] Single-ended recovery mode for batch with 8257536 (both ends) reads before itself
[PB Info 2026-May-13 10:10:09] # 100  0  0  0 103   0 pool:  1 65018619 bases/GPU/minute: 12996660.0 
[PB Info 2026-May-13 10:10:19] # 100  0  0  0 102   0 pool:  2 71520986 bases/GPU/minute: 13004734.0 
[PB Info 2026-May-13 10:10:29] # 100  0  0  0 101   0 pool:  3 78026016 bases/GPU/minute: 13010060.0 
[PB Info 2026-May-13 10:10:39] # 100  0  0  0 101   0 pool:  3 78026016 bases/GPU/minute: 0.0 
[PB Info 2026-May-13 10:10:49] # 100  0  0  0 101   0 pool:  3 78026016 bases/GPU/minute: 0.0 
[PB Info 2026-May-13 10:10:59] # 100  0  0  0 101   0 pool:  3 78026016 bases/GPU/minute: 0.0 
[PB Info 2026-May-13 10:11:09] # 100  0  0  0 101   0 pool:  3 78026016 bases/GPU/minute: 0.0 
[PB Info 2026-May-13 10:11:19] # 100  0  0  0 101   0 pool:  3 78026016 bases/GPU/minute: 0.0 
[PB Info 2026-May-13 10:11:29] # 100  0  0  0 101   0 pool:  3 78026016 bases/GPU/minute: 0.0 
[PB Info 2026-May-13 10:11:32] Pair-ended recovery mode for batch with 786432 (both ends) reads before itself
[PB Info 2026-May-13 10:11:38] Pair-ended recovery mode for batch with 1048576 (both ends) reads before itself
[PB Info 2026-May-13 10:11:39] Pair-ended recovery mode for batch with 1114112 (both ends) reads before itself
[PB Info 2026-May-13 10:11:39] # 100  0  0  0 101   0 pool:  3 78026016 bases/GPU/minute: 0.0 
[PB Info 2026-May-13 10:11:49] # 100  0  0  0 101   0 pool:  3 78026016 bases/GPU/minute: 0.0 
[PB Info 2026-May-13 10:11:59] # 100  0  0  0 101   0 pool:  3 78026016 bases/GPU/minute: 0.0 
[PB Info 2026-May-13 10:12:09] # 100  0  0  0 101   0 pool:  3 78026016 bases/GPU/minute: 0.0 
[PB Info 2026-May-13 10:12:10] Single-ended recovery mode for batch with 8650752 (both ends) reads before itself
[PB Info 2026-May-13 10:12:10] Single-ended recovery mode for batch with 8585216 (both ends) reads before itself
[PB Info 2026-May-13 10:12:10] Single-ended recovery mode for batch with 8781824 (both ends) reads before itself
[PB Info 2026-May-13 10:12:10] Single-ended recovery mode for batch with 8847360 (both ends) reads before itself
[PB Info 2026-May-13 10:12:10] Single-ended recovery mode for batch with 8454144 (both ends) reads before itself
[PB Info 2026-May-13 10:12:10] Single-ended recovery mode for batch with 8716288 (both ends) reads before itself
[PB Info 2026-May-13 10:12:10] Single-ended recovery mode for batch with 8519680 (both ends) reads before itself
[PB Info 2026-May-13 10:12:10] Single-ended recovery mode for batch with 8912896 (both ends) reads before itself
[PB Info 2026-May-13 10:12:10] Single-ended recovery mode for batch with 8388608 (both ends) reads before itself
[PB Info 2026-May-13 10:12:19] # 100  0  0  0 107   0 pool:  1 97534778 bases/GPU/minute: 39017524.0 
[PB Info 2026-May-13 10:12:29] # 100  0  0  0 107   0 pool:  1 97534778 bases/GPU/minute: 0.0 
[PB Info 2026-May-13 10:12:39] # 100  0  0  0 107   0 pool:  1 97534778 bases/GPU/minute: 0.0 
[PB Info 2026-May-13 10:12:49] # 100  0  0  0 107   0 pool:  1 97534778 bases/GPU/minute: 0.0 
[PB Info 2026-May-13 10:12:59] # 100  0  0  0 107   0 pool:  1 97534778 bases/GPU/minute: 0.0 
[PB Info 2026-May-13 10:13:09] # 100  0  0  0 107   0 pool:  1 97534778 bases/GPU/minute: 0.0 
[PB Info 2026-May-13 10:13:16] Pair-ended recovery mode for batch with 1245184 (both ends) reads before itself
[PB Info 2026-May-13 10:13:18] Pair-ended recovery mode for batch with 1310720 (both ends) reads before itself
[PB Info 2026-May-13 10:13:19] # 100  0  0  0 107   0 pool:  1 97534778 bases/GPU/minute: 0.0 
[PB Info 2026-May-13 10:13:21] Pair-ended recovery mode for batch with 1376256 (both ends) reads before itself
[PB Info 2026-May-13 10:13:29] # 100  0  0  0 107   0 pool:  1 97534778 bases/GPU/minute: 0.0 
[PB Info 2026-May-13 10:13:39] # 100  0  0  0 107   0 pool:  1 97534778 bases/GPU/minute: 0.0 
[PB Info 2026-May-13 10:13:49] # 100  0  0  0 106   0 pool:  2 104036032 bases/GPU/minute: 13002508.0 
[PB Info 2026-May-13 10:13:59] # 100  0  0  0 104   0 pool:  4 117038841 bases/GPU/minute: 26005618.0 
[PB Info 2026-May-13 10:14:09] # 100  0  0  0 104   0 pool:  4 117038841 bases/GPU/minute: 0.0 
[PB Info 2026-May-13 10:14:19] # 100  0  0  0 104   0 pool:  4 117038841 bases/GPU/minute: 0.0 
[PB Info 2026-May-13 10:14:29] # 100  0  0  0 104   0 pool:  4 117038841 bases/GPU/minute: 0.0 
[PB Info 2026-May-13 10:14:39] # 100  0  0  0 104   0 pool:  4 117038841 bases/GPU/minute: 0.0 
[PB Info 2026-May-13 10:14:49] # 100  0  0  0 104   0 pool:  4 117038841 bases/GPU/minute: 0.0 
[PB Info 2026-May-13 10:14:50] Pair-ended recovery mode for batch with 851968 (both ends) reads before itself
[PB Info 2026-May-13 10:14:52] Pair-ended recovery mode for batch with 983040 (both ends) reads before itself
[PB Info 2026-May-13 10:14:59] # 100  0  0  0 104   0 pool:  4 117038841 bases/GPU/minute: 0.0 
[PB Info 2026-May-13 10:14:59] Pair-ended recovery mode for batch with 917504 (both ends) reads before itself
[PB Info 2026-May-13 10:15:09] # 100  0  0  0 104   0 pool:  4 117038841 bases/GPU/minute: 0.0 
[PB Info 2026-May-13 10:15:19] # 100  0  0  0 103   0 pool:  5 123542329 bases/GPU/minute: 13006976.0 
[PB Info 2026-May-13 10:15:29] # 100  0  0  0 102   0 pool:  6 130042571 bases/GPU/minute: 13000484.0 
[PB Info 2026-May-13 10:15:39] # 100  0  0  0 101   0 pool:  7 136544805 bases/GPU/minute: 13004468.0 
[PB Info 2026-May-13 10:15:49] # 100  0  0  0 101   0 pool:  7 136544805 bases/GPU/minute: 0.0 
[PB Info 2026-May-13 10:15:59] # 100  0  0  0 101   0 pool:  7 136544805 bases/GPU/minute: 0.0 
[PB Info 2026-May-13 10:16:09] # 100  0  0  0 101   0 pool:  7 136544805 bases/GPU/minute: 0.0 
[PB Info 2026-May-13 10:16:19] # 100  0  0  0 101   0 pool:  7 136544805 bases/GPU/minute: 0.0 
[PB Info 2026-May-13 10:16:26] Pair-ended recovery mode for batch with 1507328 (both ends) reads before itself
[PB Info 2026-May-13 10:16:29] # 100  0  0  0 101   0 pool:  7 136544805 bases/GPU/minute: 0.0 
[PB Info 2026-May-13 10:16:31] Pair-ended recovery mode for batch with 1179648 (both ends) reads before itself
[PB Info 2026-May-13 10:16:39] # 100  0  0  0 101   0 pool:  7 136544805 bases/GPU/minute: 0.0 
[PB Info 2026-May-13 10:16:43] Pair-ended recovery mode for batch with 1441792 (both ends) reads before itself
[PB Info 2026-May-13 10:16:49] # 100  0  0  0 101   0 pool:  7 136544805 bases/GPU/minute: 0.0 
[PB Info 2026-May-13 10:16:58] Single-ended recovery mode for batch with 9109504 (both ends) reads before itself
[PB Info 2026-May-13 10:16:58] Single-ended recovery mode for batch with 9175040 (both ends) reads before itself
[PB Info 2026-May-13 10:16:58] Single-ended recovery mode for batch with 8978432 (both ends) reads before itself
[PB Info 2026-May-13 10:16:58] Single-ended recovery mode for batch with 9043968 (both ends) reads before itself
[PB Info 2026-May-13 10:16:59] # 100  0  0  0 103   0 pool:  5 149546027 bases/GPU/minute: 26002444.0 
[PB Info 2026-May-13 10:17:09] # 100  0  0  0 103   0 pool:  5 149546027 bases/GPU/minute: 0.0 
[PB Info 2026-May-13 10:17:19] # 100  0  0  0 102   0 pool:  6 156046320 bases/GPU/minute: 13000586.0 
[PB Info 2026-May-13 10:17:29] # 100  0  0  0 102   0 pool:  6 156046320 bases/GPU/minute: 0.0 
[PB Info 2026-May-13 10:17:39] # 100  0  0  0 102   0 pool:  6 156046320 bases/GPU/minute: 0.0 
[PB Info 2026-May-13 10:17:49] # 100  0  0  0 102   0 pool:  6 156046320 bases/GPU/minute: 0.0 
[PB Info 2026-May-13 10:17:59] # 100  0  0  0 102   0 pool:  6 156046320 bases/GPU/minute: 0.0 
[PB Info 2026-May-13 10:18:01] Pair-ended recovery mode for batch with 1572864 (both ends) reads before itself
[PB Info 2026-May-13 10:18:05] Pair-ended recovery mode for batch with 1835008 (both ends) reads before itself
[PB Info 2026-May-13 10:18:09] # 100  0  0  0 102   0 pool:  6 156046320 bases/GPU/minute: 0.0 
[PB Info 2026-May-13 10:18:19] # 100  0  0  0 102   0 pool:  6 156046320 bases/GPU/minute: 0.0 
[PB Info 2026-May-13 10:18:20] Pair-ended recovery mode for batch with 2097152 (both ends) reads before itself
[PB Info 2026-May-13 10:18:29] # 100  0  0  0 101   0 pool:  7 162548332 bases/GPU/minute: 13004024.0 
[PB Info 2026-May-13 10:18:39] # 100  0  0  0 100   0 pool:  8 169050424 bases/GPU/minute: 13004184.0 
[PB Info 2026-May-13 10:18:47] Single-ended recovery mode for batch with 9371648 (both ends) reads before itself
[PB Info 2026-May-13 10:18:47] Single-ended recovery mode for batch with 9306112 (both ends) reads before itself
[PB Info 2026-May-13 10:18:47] Single-ended recovery mode for batch with 9437184 (both ends) reads before itself
[PB Info 2026-May-13 10:18:47] Single-ended recovery mode for batch with 9240576 (both ends) reads before itself
[PB Info 2026-May-13 10:18:47] Single-ended recovery mode for batch with 9502720 (both ends) reads before itself
[PB Info 2026-May-13 10:18:49] # 100  0  0  0 104   0 pool:  4 175552039 bases/GPU/minute: 13003230.0 
[PB Info 2026-May-13 10:18:59] # 100  0  0  0 104   0 pool:  4 175552039 bases/GPU/minute: 0.0 
[PB Info 2026-May-13 10:19:09] # 100  0  0  0 104   0 pool:  4 175552039 bases/GPU/minute: 0.0 
[PB Info 2026-May-13 10:19:19] # 100  0  0  0 104   0 pool:  4 175552039 bases/GPU/minute: 0.0 
[PB Info 2026-May-13 10:19:29] # 100  0  0  0 104   0 pool:  4 175552039 bases/GPU/minute: 0.0 
[PB Info 2026-May-13 10:19:38] Pair-ended recovery mode for batch with 2031616 (both ends) reads before itself
[PB Info 2026-May-13 10:19:39] # 100  0  0  0 104   0 pool:  4 175552039 bases/GPU/minute: 0.0 
[PB Info 2026-May-13 10:19:49] # 100  0  0  0 104   0 pool:  4 175552039 bases/GPU/minute: 0.0 
[PB Info 2026-May-13 10:19:49] Pair-ended recovery mode for batch with 1703936 (both ends) reads before itself
[PB Info 2026-May-13 10:19:59] # 100  0  0  0 104   0 pool:  4 175552039 bases/GPU/minute: 0.0 
[PB Info 2026-May-13 10:20:04] Pair-ended recovery mode for batch with 1638400 (both ends) reads before itself
[PB Info 2026-May-13 10:20:09] # 100  0  0  0 103   0 pool:  5 182055048 bases/GPU/minute: 13006018.0 
[PB Info 2026-May-13 10:20:19] # 100  0  0  0 103   0 pool:  5 182055048 bases/GPU/minute: 0.0 
[PB Info 2026-May-13 10:20:29] # 100  0  0  0 102   0 pool:  6 188553597 bases/GPU/minute: 12997098.0 
[PB Info 2026-May-13 10:20:39] # 100  0  0  0 102   0 pool:  6 188553597 bases/GPU/minute: 0.0 
[PB Info 2026-May-13 10:20:49] # 100  0  0  0 101   0 pool:  7 195054301 bases/GPU/minute: 13001408.0 
[PB Info 2026-May-13 10:20:59] # 100  0  0  0 101   0 pool:  7 195054301 bases/GPU/minute: 0.0 
[PB Info 2026-May-13 10:21:09] # 100  0  0  0 101   0 pool:  7 195054301 bases/GPU/minute: 0.0 
[PB Info 2026-May-13 10:21:19] # 100  0  0  0 101   0 pool:  7 195054301 bases/GPU/minute: 0.0 
[PB Info 2026-May-13 10:21:24] Pair-ended recovery mode for batch with 1769472 (both ends) reads before itself
[PB Info 2026-May-13 10:21:29] # 100  0  0  0 101   0 pool:  7 195054301 bases/GPU/minute: 0.0 
[PB Info 2026-May-13 10:21:37] Pair-ended recovery mode for batch with 2162688 (both ends) reads before itself
[PB Info 2026-May-13 10:21:39] # 100  0  0  0 101   0 pool:  7 195054301 bases/GPU/minute: 0.0 
[PB Info 2026-May-13 10:21:49] # 100  0  0  0 101   0 pool:  7 195054301 bases/GPU/minute: 0.0 
[PB Info 2026-May-13 10:21:55] Pair-ended recovery mode for batch with 1966080 (both ends) reads before itself
[PB Info 2026-May-13 10:21:59] # 100  0  0  0 100   0 pool:  8 201557943 bases/GPU/minute: 13007284.0 
[PB Info 2026-May-13 10:22:05] Single-ended recovery mode for batch with 9568256 (both ends) reads before itself
[PB Info 2026-May-13 10:22:05] Single-ended recovery mode for batch with 9961472 (both ends) reads before itself
[PB Info 2026-May-13 10:22:05] Single-ended recovery mode for batch with 9764864 (both ends) reads before itself
[PB Info 2026-May-13 10:22:05] Single-ended recovery mode for batch with 9895936 (both ends) reads before itself
[PB Info 2026-May-13 10:22:05] Single-ended recovery mode for batch with 9830400 (both ends) reads before itself
[PB Info 2026-May-13 10:22:05] Single-ended recovery mode for batch with 9699328 (both ends) reads before itself
[PB Info 2026-May-13 10:22:05] Single-ended recovery mode for batch with 9633792 (both ends) reads before itself
[PB Info 2026-May-13 10:22:09] # 100  0  0  0 106   0 pool:  2 208058083 bases/GPU/minute: 13000280.0 
[PB Info 2026-May-13 10:22:19] # 100  0  0  0 106   0 pool:  2 208058083 bases/GPU/minute: 0.0 
[PB Info 2026-May-13 10:22:29] # 100  0  0  0 105   0 pool:  3 214557441 bases/GPU/minute: 12998716.0 
[PB Info 2026-May-13 10:22:39] # 100  0  0  0 105   0 pool:  3 214557441 bases/GPU/minute: 0.0 
[PB Info 2026-May-13 10:22:49] # 100  0  0  0 105   0 pool:  3 214557441 bases/GPU/minute: 0.0 
[PB Info 2026-May-13 10:22:59] # 100  0  0  0 105   0 pool:  3 214557441 bases/GPU/minute: 0.0 
[PB Info 2026-May-13 10:23:07] Pair-ended recovery mode for batch with 2228224 (both ends) reads before itself
[PB Info 2026-May-13 10:23:09] # 100  0  0  0 105   0 pool:  3 214557441 bases/GPU/minute: 0.0 
[PB Info 2026-May-13 10:23:16] Pair-ended recovery mode for batch with 2490368 (both ends) reads before itself
[PB Info 2026-May-13 10:23:19] # 100  0  0  0 105   0 pool:  3 214557441 bases/GPU/minute: 0.0 
[PB Info 2026-May-13 10:23:29] # 100  0  0  0 105   0 pool:  3 214557441 bases/GPU/minute: 0.0 
[PB Info 2026-May-13 10:23:31] Pair-ended recovery mode for batch with 1900544 (both ends) reads before itself
[PB Info 2026-May-13 10:23:39] # 100  0  0  0 104   0 pool:  4 221058546 bases/GPU/minute: 13002210.0 
[PB Info 2026-May-13 10:23:49] # 100  0  0  0 103   0 pool:  5 227559774 bases/GPU/minute: 13002456.0 
[PB Info 2026-May-13 10:23:59] # 100  0  0  0 102   0 pool:  6 234059187 bases/GPU/minute: 12998826.0 
[PB Info 2026-May-13 10:24:09] # 100  0  0  0 102   0 pool:  6 234059187 bases/GPU/minute: 0.0 
[PB Info 2026-May-13 10:24:19] # 100  0  0  0 102   0 pool:  6 234059187 bases/GPU/minute: 0.0 
[PB Info 2026-May-13 10:24:29] # 100  0  0  0 102   0 pool:  6 234059187 bases/GPU/minute: 0.0 
[PB Info 2026-May-13 10:24:38] Pair-ended recovery mode for batch with 2359296 (both ends) reads before itself
[PB Info 2026-May-13 10:24:39] # 100  0  0  0 102   0 pool:  6 234059187 bases/GPU/minute: 0.0 
[PB Info 2026-May-13 10:24:49] # 100  0  0  0 102   0 pool:  6 234059187 bases/GPU/minute: 0.0 
[PB Info 2026-May-13 10:24:59] # 100  0  0  0 102   0 pool:  6 234059187 bases/GPU/minute: 0.0 
[PB Info 2026-May-13 10:25:03] Pair-ended recovery mode for batch with 2686976 (both ends) reads before itself
[PB Info 2026-May-13 10:25:07] Pair-ended recovery mode for batch with 2621440 (both ends) reads before itself
[PB Info 2026-May-13 10:25:09] # 100  0  0  0 101   0 pool:  7 240559595 bases/GPU/minute: 13000816.0 
[PB Info 2026-May-13 10:25:19] # 100  0  0  0 101   0 pool:  7 240559595 bases/GPU/minute: 0.0 
[PB Info 2026-May-13 10:25:29] # 100  0  0  0 100   0 pool:  8 247059263 bases/GPU/minute: 12999336.0 
[PB Info 2026-May-13 10:25:37] Single-ended recovery mode for batch with 10158080 (both ends) reads before itself
[PB Info 2026-May-13 10:25:37] Single-ended recovery mode for batch with 10223616 (both ends) reads before itself
[PB Info 2026-May-13 10:25:37] Single-ended recovery mode for batch with 10027008 (both ends) reads before itself
[PB Info 2026-May-13 10:25:37] Single-ended recovery mode for batch with 10092544 (both ends) reads before itself
[PB Info 2026-May-13 10:25:39] # 100  0  0  0 103   0 pool:  5 253558595 bases/GPU/minute: 12998664.0 
[PB Info 2026-May-13 10:25:49] # 100  0  0  0 103   0 pool:  5 253558595 bases/GPU/minute: 0.0 
[PB Info 2026-May-13 10:25:59] # 100  0  0  0 103   0 pool:  5 253558595 bases/GPU/minute: 0.0 
[PB Info 2026-May-13 10:26:09] # 100  0  0  0 103   0 pool:  5 253558595 bases/GPU/minute: 0.0 
[PB Info 2026-May-13 10:26:19] # 100  0  0  0 103   0 pool:  5 253558595 bases/GPU/minute: 0.0 
[PB Info 2026-May-13 10:26:19] Pair-ended recovery mode for batch with 2555904 (both ends) reads before itself
[PB Info 2026-May-13 10:26:29] # 100  0  0  0 103   0 pool:  5 253558595 bases/GPU/minute: 0.0 
[PB Info 2026-May-13 10:26:39] # 100  0  0  0 103   0 pool:  5 253558595 bases/GPU/minute: 0.0 
[PB Info 2026-May-13 10:26:40] Pair-ended recovery mode for batch with 2883584 (both ends) reads before itself
[PB Info 2026-May-13 10:26:44] Pair-ended recovery mode for batch with 2293760 (both ends) reads before itself
[PB Info 2026-May-13 10:26:49] # 100  0  0  0 102   0 pool:  6 260060896 bases/GPU/minute: 13004602.0 
[PB Info 2026-May-13 10:26:59] # 100  0  0  0 102   0 pool:  6 260060896 bases/GPU/minute: 0.0 
[PB Info 2026-May-13 10:27:09] # 100  0  0  0 102   0 pool:  6 260060896 bases/GPU/minute: 0.0 
[PB Info 2026-May-13 10:27:19] # 100  0  0  0 101   0 pool:  7 266558832 bases/GPU/minute: 12995872.0 
[PB Info 2026-May-13 10:27:29] # 100  0  0  0 100   0 pool:  8 273061423 bases/GPU/minute: 13005182.0 
[PB Info 2026-May-13 10:27:39] # 100  0  0  0 100   0 pool:  8 273061423 bases/GPU/minute: 0.0 
[PB Info 2026-May-13 10:27:49] # 100  0  0  0 100   0 pool:  8 273061423 bases/GPU/minute: 0.0 
[PB Info 2026-May-13 10:27:54] Pair-ended recovery mode for batch with 2949120 (both ends) reads before itself
[PB Info 2026-May-13 10:27:59] # 100  0  0  0 100   0 pool:  8 273061423 bases/GPU/minute: 0.0 
[PB Info 2026-May-13 10:28:09] # 100  0  0  0 100   0 pool:  8 273061423 bases/GPU/minute: 0.0 
[PB Info 2026-May-13 10:28:19] # 100  0  0  0 100   0 pool:  8 273061423 bases/GPU/minute: 0.0 
[PB Info 2026-May-13 10:28:24] Pair-ended recovery mode for batch with 2424832 (both ends) reads before itself
[PB Info 2026-May-13 10:28:27] Pair-ended recovery mode for batch with 2752512 (both ends) reads before itself
[PB Info 2026-May-13 10:28:27] Single-ended recovery mode for batch with 10485760 (both ends) reads before itself
[PB Info 2026-May-13 10:28:27] Single-ended recovery mode for batch with 10551296 (both ends) reads before itself
[PB Info 2026-May-13 10:28:27] Single-ended recovery mode for batch with 10289152 (both ends) reads before itself
[PB Info 2026-May-13 10:28:27] Single-ended recovery mode for batch with 10354688 (both ends) reads before itself
[PB Info 2026-May-13 10:28:27] Single-ended recovery mode for batch with 10616832 (both ends) reads before itself
[PB Info 2026-May-13 10:28:27] Single-ended recovery mode for batch with 10420224 (both ends) reads before itself
[PB Info 2026-May-13 10:28:29] # 100  0  0  0 105   0 pool:  3 279558706 bases/GPU/minute: 12994566.0 
[PB Info 2026-May-13 10:28:39] # 100  0  0  0 105   0 pool:  3 279558706 bases/GPU/minute: 0.0 
[PB Info 2026-May-13 10:28:49] # 100  0  0  0 105   0 pool:  3 279558706 bases/GPU/minute: 0.0 
[PB Info 2026-May-13 10:28:59] # 100  0  0  0 105   0 pool:  3 279558706 bases/GPU/minute: 0.0 
[PB Info 2026-May-13 10:29:09] # 100  0  0  0 103   0 pool:  5 292558614 bases/GPU/minute: 25999816.0 
[PB Info 2026-May-13 10:29:19] # 100  0  0  0 103   0 pool:  5 292558614 bases/GPU/minute: 0.0 
[PB Info 2026-May-13 10:29:29] # 100  0  0  0 103   0 pool:  5 292558614 bases/GPU/minute: 0.0 
[PB Info 2026-May-13 10:29:32] Pair-ended recovery mode for batch with 3211264 (both ends) reads before itself
[PB Info 2026-May-13 10:29:39] # 100  0  0  0 103   0 pool:  5 292558614 bases/GPU/minute: 0.0 
[PB Info 2026-May-13 10:29:49] # 100  0  0  0 103   0 pool:  5 292558614 bases/GPU/minute: 0.0 
[PB Info 2026-May-13 10:29:59] # 100  0  0  0 103   0 pool:  5 292558614 bases/GPU/minute: 0.0 
[PB Info 2026-May-13 10:30:09] # 100  0  0  0 102   0 pool:  6 299058083 bases/GPU/minute: 12998938.0 
[PB Info 2026-May-13 10:30:14] Pair-ended recovery mode for batch with 3080192 (both ends) reads before itself
[PB Info 2026-May-13 10:30:19] # 100  0  0  0 102   0 pool:  6 299058083 bases/GPU/minute: 0.0 
[PB Info 2026-May-13 10:30:22] Pair-ended recovery mode for batch with 3014656 (both ends) reads before itself
[PB Info 2026-May-13 10:30:29] # 100  0  0  0 102   0 pool:  6 299058083 bases/GPU/minute: 0.0 
[PB Info 2026-May-13 10:30:39] # 100  0  0  0 102   0 pool:  6 299058083 bases/GPU/minute: 0.0 
[PB Info 2026-May-13 10:30:49] # 100  0  0  0 100   0 pool:  8 312059129 bases/GPU/minute: 26002092.0 
[PB Info 2026-May-13 10:30:59] # 100  0  0  0 100   0 pool:  8 312059129 bases/GPU/minute: 0.0 
[PB Info 2026-May-13 10:31:09] # 100  0  0  0 100   0 pool:  8 312059129 bases/GPU/minute: 0.0 
[PB Info 2026-May-13 10:31:14] Pair-ended recovery mode for batch with 3538944 (both ends) reads before itself
[PB Info 2026-May-13 10:31:19] # 100  0  0  0 100   0 pool:  8 312059129 bases/GPU/minute: 0.0 
[PB Info 2026-May-13 10:31:29] # 100  0  0  0 100   0 pool:  8 312059129 bases/GPU/minute: 0.0 
[PB Info 2026-May-13 10:31:39] # 100  0  0  0 100   0 pool:  8 312059129 bases/GPU/minute: 0.0 
[PB Info 2026-May-13 10:31:45] Single-ended recovery mode for batch with 10944512 (both ends) reads before itself
[PB Info 2026-May-13 10:31:45] Single-ended recovery mode for batch with 10682368 (both ends) reads before itself
[PB Info 2026-May-13 10:31:45] Single-ended recovery mode for batch with 11010048 (both ends) reads before itself
[PB Info 2026-May-13 10:31:45] Single-ended recovery mode for batch with 10878976 (both ends) reads before itself
[PB Info 2026-May-13 10:31:45] Single-ended recovery mode for batch with 10747904 (both ends) reads before itself
[PB Info 2026-May-13 10:31:45] Single-ended recovery mode for batch with 11075584 (both ends) reads before itself
[PB Info 2026-May-13 10:31:45] Single-ended recovery mode for batch with 10813440 (both ends) reads before itself
[PB Info 2026-May-13 10:31:49] # 100  0  0  0 106   0 pool:  2 318561735 bases/GPU/minute: 13005212.0 
[PB Info 2026-May-13 10:31:51] Pair-ended recovery mode for batch with 2818048 (both ends) reads before itself
[PB Info 2026-May-13 10:31:53] Pair-ended recovery mode for batch with 3342336 (both ends) reads before itself
[PB Info 2026-May-13 10:31:59] # 100  0  0  0 106   0 pool:  2 318561735 bases/GPU/minute: 0.0 
[PB Info 2026-May-13 10:32:09] # 100  0  0  0 106   0 pool:  2 318561735 bases/GPU/minute: 0.0 
[PB Info 2026-May-13 10:32:19] # 100  0  0  0 105   0 pool:  3 325061973 bases/GPU/minute: 13000476.0 
[PB Info 2026-May-13 10:32:29] # 100  0  0  0 104   0 pool:  4 331561073 bases/GPU/minute: 12998200.0 
[PB Info 2026-May-13 10:32:39] # 100  0  0  0 104   0 pool:  4 331561073 bases/GPU/minute: 0.0 
[PB Info 2026-May-13 10:32:49] # 100  0  0  0 104   0 pool:  4 331561073 bases/GPU/minute: 0.0 
[PB Info 2026-May-13 10:32:59] # 100  0  0  0 104   0 pool:  4 331561073 bases/GPU/minute: 0.0 
[PB Info 2026-May-13 10:33:01] Pair-ended recovery mode for batch with 3145728 (both ends) reads before itself
[PB Info 2026-May-13 10:33:09] # 100  0  0  0 104   0 pool:  4 331561073 bases/GPU/minute: 0.0 
[PB Info 2026-May-13 10:33:19] # 100  0  0  0 104   0 pool:  4 331561073 bases/GPU/minute: 0.0 
[PB Info 2026-May-13 10:33:26] Pair-ended recovery mode for batch with 3276800 (both ends) reads before itself
[PB Info 2026-May-13 10:33:29] # 100  0  0  0 103   0 pool:  5 338056894 bases/GPU/minute: 12991642.0 
[PB Info 2026-May-13 10:33:36] Pair-ended recovery mode for batch with 3473408 (both ends) reads before itself
[PB Info 2026-May-13 10:33:39] # 100  0  0  0 103   0 pool:  5 338056894 bases/GPU/minute: 0.0 
[PB Info 2026-May-13 10:33:49] # 100  0  0  0 103   0 pool:  5 338056894 bases/GPU/minute: 0.0 
[PB Info 2026-May-13 10:33:59] # 100  0  0  0 102   0 pool:  6 344556843 bases/GPU/minute: 12999898.0 
[PB Info 2026-May-13 10:34:09] # 100  0  0  0 101   0 pool:  7 344556843 bases/GPU/minute: 0.0 
[PB Info 2026-May-13 10:34:19] # 100  0  0  0 101   0 pool:  7 351058799 bases/GPU/minute: 13003912.0 
[PB Info 2026-May-13 10:34:29] # 100  0  0  0 101   0 pool:  7 351058799 bases/GPU/minute: 0.0 
[PB Info 2026-May-13 10:34:39] Pair-ended recovery mode for batch with 3735552 (both ends) reads before itself
[PB Info 2026-May-13 10:34:39] # 100  0  0  0 101   0 pool:  7 351058799 bases/GPU/minute: 0.0 
[PB Info 2026-May-13 10:34:49] # 100  0  0  0 101   0 pool:  7 351058799 bases/GPU/minute: 0.0 
[PB Info 2026-May-13 10:34:59] Pair-ended recovery mode for batch with 3407872 (both ends) reads before itself
[PB Info 2026-May-13 10:34:59] # 100  0  0  0 101   0 pool:  7 351058799 bases/GPU/minute: 0.0 
[PB Info 2026-May-13 10:35:09] # 100  0  0  0 100   0 pool:  8 357561825 bases/GPU/minute: 13006052.0 
[PB Info 2026-May-13 10:35:17] Pair-ended recovery mode for batch with 3670016 (both ends) reads before itself
[PB Info 2026-May-13 10:35:19] # 100  0  0  0 100   0 pool:  8 357561825 bases/GPU/minute: 0.0 
[PB Info 2026-May-13 10:35:29] # 100  0  0  0 100   0 pool:  8 357561825 bases/GPU/minute: 0.0 
[PB Info 2026-May-13 10:35:33] Single-ended recovery mode for batch with 11141120 (both ends) reads before itself
[PB Info 2026-May-13 10:35:33] Single-ended recovery mode for batch with 11206656 (both ends) reads before itself
[PB Info 2026-May-13 10:35:39] # 100  0  0  0 101   0 pool:  7 364059684 bases/GPU/minute: 12995718.0 
[PB Info 2026-May-13 10:35:49] # 100  0  0  0 100   0 pool:  8 370560402 bases/GPU/minute: 13001436.0 
[PB Info 2026-May-13 10:35:59] # 100  0  0  0 100   0 pool:  8 370560402 bases/GPU/minute: 0.0 
[PB Info 2026-May-13 10:36:09] # 100  0  0  0 100   0 pool:  8 370560402 bases/GPU/minute: 0.0 
[PB Info 2026-May-13 10:36:19] Pair-ended recovery mode for batch with 3932160 (both ends) reads before itself
[PB Info 2026-May-13 10:36:19] # 100  0  0  0 100   0 pool:  8 370560402 bases/GPU/minute: 0.0 
[PB Info 2026-May-13 10:36:29] # 100  0  0  0 100   0 pool:  8 370560402 bases/GPU/minute: 0.0 
[PB Info 2026-May-13 10:36:39] # 100  0  0  0 100   0 pool:  8 370560402 bases/GPU/minute: 0.0 
[PB Info 2026-May-13 10:36:41] Pair-ended recovery mode for batch with 3604480 (both ends) reads before itself
[PB Info 2026-May-13 10:36:49] # 100  0  0  0 100   0 pool:  8 370560402 bases/GPU/minute: 0.0 
[PB Info 2026-May-13 10:36:50] Single-ended recovery mode for batch with 11403264 (both ends) reads before itself
[PB Info 2026-May-13 10:36:50] Single-ended recovery mode for batch with 11337728 (both ends) reads before itself
[PB Info 2026-May-13 10:36:50] Single-ended recovery mode for batch with 11272192 (both ends) reads before itself
[PB Info 2026-May-13 10:36:50] Single-ended recovery mode for batch with 11534336 (both ends) reads before itself
[PB Info 2026-May-13 10:36:50] Single-ended recovery mode for batch with 11468800 (both ends) reads before itself
[PB Info 2026-May-13 10:36:59] # 100  0  0  0 104   0 pool:  4 377060259 bases/GPU/minute: 12999714.0 
[PB Info 2026-May-13 10:37:00] Pair-ended recovery mode for batch with 3997696 (both ends) reads before itself
[PB Info 2026-May-13 10:37:09] # 100  0  0  0 103   0 pool:  5 383561992 bases/GPU/minute: 13003466.0 
[PB Info 2026-May-13 10:37:19] # 100  0  0  0 103   0 pool:  5 383561992 bases/GPU/minute: 0.0 
[PB Info 2026-May-13 10:37:29] # 100  0  0  0 103   0 pool:  5 383561992 bases/GPU/minute: 0.0 
[PB Info 2026-May-13 10:37:39] # 100  0  0  0 102   0 pool:  6 390065298 bases/GPU/minute: 13006612.0 
[PB Info 2026-May-13 10:37:49] # 100  0  0  0 102   0 pool:  6 390065298 bases/GPU/minute: 0.0 
[PB Info 2026-May-13 10:37:57] Pair-ended recovery mode for batch with 3866624 (both ends) reads before itself
[PB Info 2026-May-13 10:37:59] # 100  0  0  0 102   0 pool:  6 390065298 bases/GPU/minute: 0.0 
[PB Info 2026-May-13 10:38:09] # 100  0  0  0 102   0 pool:  6 390065298 bases/GPU/minute: 0.0 
[PB Info 2026-May-13 10:38:10] Pair-ended recovery mode for batch with 3801088 (both ends) reads before itself
[PB Info 2026-May-13 10:38:19] # 100  0  0  0 102   0 pool:  6 390065298 bases/GPU/minute: 0.0 
[PB Info 2026-May-13 10:38:29] # 100  0  0  0 101   0 pool:  7 396567428 bases/GPU/minute: 13004260.0 
[PB Info 2026-May-13 10:38:39] # 100  0  0  0 100   0 pool:  8 403070887 bases/GPU/minute: 13006918.0 
[PB Info 2026-May-13 10:38:42] Pair-ended recovery mode for batch with 4063232 (both ends) reads before itself
[PB Info 2026-May-13 10:38:49] # 100  0  0  0 100   0 pool:  8 403070887 bases/GPU/minute: 0.0 
[PB Info 2026-May-13 10:38:59] # 100  0  0  0 100   0 pool:  8 403070887 bases/GPU/minute: 0.0 
[PB Info 2026-May-13 10:39:09] # 98  0  0  0 102   0 pool:  8 403070887 bases/GPU/minute: 0.0 
[PB Info 2026-May-13 10:39:09] Single-ended recovery mode for batch with 11665408 (both ends) reads before itself
[PB Info 2026-May-13 10:39:10] Single-ended recovery mode for batch with 11730944 (both ends) reads before itself
[PB Info 2026-May-13 10:39:10] Single-ended recovery mode for batch with 11599872 (both ends) reads before itself
[PB Info 2026-May-13 10:39:19] # 100  0  0  0 102   0 pool:  6 409574090 bases/GPU/minute: 13006406.0 
[PB Info 2026-May-13 10:39:26] Pair-ended recovery mode for batch with 4128768 (both ends) reads before itself
[PB Info 2026-May-13 10:39:29] # 100  0  0  0 102   0 pool:  6 409574090 bases/GPU/minute: 0.0 
[PB Info 2026-May-13 10:39:39] # 100  0  0  0 102   0 pool:  6 409574090 bases/GPU/minute: 0.0 
[PB Info 2026-May-13 10:39:44] Pair-ended recovery mode for batch with 4194304 (both ends) reads before itself
[PB Info 2026-May-13 10:39:49] # 100  0  0  0 102   0 pool:  6 409574090 bases/GPU/minute: 0.0 
[PB Info 2026-May-13 10:39:59] # 100  0  0  0 101   0 pool:  7 416073702 bases/GPU/minute: 12999224.0 
[PB Info 2026-May-13 10:40:09] # 100  0  0  0 101   0 pool:  7 416073702 bases/GPU/minute: 0.0 
[PB Info 2026-May-13 10:40:19] # 100  0  0  0 100   0 pool:  8 422575796 bases/GPU/minute: 13004188.0 
[PB Info 2026-May-13 10:40:20] Pair-ended recovery mode for batch with 4259840 (both ends) reads before itself
[PB Info 2026-May-13 10:40:29] # 100  0  0  0 100   0 pool:  8 422575796 bases/GPU/minute: 0.0 
[PB Info 2026-May-13 10:40:39] # 100  0  0  0 100   0 pool:  8 422575796 bases/GPU/minute: 0.0 
[PB Info 2026-May-13 10:40:49] # 100  0  0  0 100   0 pool:  8 422575796 bases/GPU/minute: 0.0 
[PB Info 2026-May-13 10:40:50] Single-ended recovery mode for batch with 11796480 (both ends) reads before itself
[PB Info 2026-May-13 10:40:50] Single-ended recovery mode for batch with 11993088 (both ends) reads before itself
[PB Info 2026-May-13 10:40:50] Single-ended recovery mode for batch with 12124160 (both ends) reads before itself
[PB Info 2026-May-13 10:40:50] Single-ended recovery mode for batch with 11862016 (both ends) reads before itself
[PB Info 2026-May-13 10:40:50] Single-ended recovery mode for batch with 12058624 (both ends) reads before itself
[PB Info 2026-May-13 10:40:51] Single-ended recovery mode for batch with 11927552 (both ends) reads before itself
[PB Info 2026-May-13 10:40:58] Pair-ended recovery mode for batch with 4325376 (both ends) reads before itself
[PB Info 2026-May-13 10:40:59] # 100  0  0  0 105   0 pool:  3 429078916 bases/GPU/minute: 13006240.0 
[PB Info 2026-May-13 10:41:09] # 100  0  0  0 105   0 pool:  3 429078916 bases/GPU/minute: 0.0 
[PB Info 2026-May-13 10:41:19] # 100  0  0  0 105   0 pool:  3 429078916 bases/GPU/minute: 0.0 
[PB Info 2026-May-13 10:41:26] Pair-ended recovery mode for batch with 4390912 (both ends) reads before itself
[PB Info 2026-May-13 10:41:29] # 100  0  0  0 104   0 pool:  4 435581158 bases/GPU/minute: 13004484.0 
[PB Info 2026-May-13 10:41:39] # 100  0  0  0 104   0 pool:  4 435581158 bases/GPU/minute: 0.0 
[PB Info 2026-May-13 10:41:49] # 100  0  0  0 104   0 pool:  4 435581158 bases/GPU/minute: 0.0 
[PB Info 2026-May-13 10:41:53] Pair-ended recovery mode for batch with 4456448 (both ends) reads before itself
[PB Info 2026-May-13 10:41:59] # 100  0  0  0 103   0 pool:  5 442081871 bases/GPU/minute: 13001426.0 
[PB Info 2026-May-13 10:42:09] # 100  0  0  0 103   0 pool:  5 442081871 bases/GPU/minute: 0.0 
[PB Info 2026-May-13 10:42:19] # 100  0  0  0 103   0 pool:  5 442081871 bases/GPU/minute: 0.0 
[PB Info 2026-May-13 10:42:29] # 100  0  0  0 102   0 pool:  6 448584546 bases/GPU/minute: 13005350.0 
[PB Info 2026-May-13 10:42:31] Pair-ended recovery mode for batch with 4521984 (both ends) reads before itself
[PB Info 2026-May-13 10:42:39] # 100  0  0  0 102   0 pool:  6 448584546 bases/GPU/minute: 0.0 
[PB Info 2026-May-13 10:42:49] # 100  0  0  0 102   0 pool:  6 448584546 bases/GPU/minute: 0.0 
[PB Info 2026-May-13 10:42:55] Pair-ended recovery mode for batch with 4587520 (both ends) reads before itself
[PB Info 2026-May-13 10:42:59] # 100  0  0  0 101   0 pool:  7 455088599 bases/GPU/minute: 13008106.0 
[PB Info 2026-May-13 10:43:09] # 100  0  0  0 101   0 pool:  7 455088599 bases/GPU/minute: 0.0 
[PB Info 2026-May-13 10:43:19] # 100  0  0  0 100   0 pool:  8 461589814 bases/GPU/minute: 13002430.0 
[PB Info 2026-May-13 10:43:27] Pair-ended recovery mode for batch with 4653056 (both ends) reads before itself
[PB Info 2026-May-13 10:43:29] # 100  0  0  0 100   0 pool:  8 461589814 bases/GPU/minute: 0.0 
[PB Info 2026-May-13 10:43:39] # 100  0  0  0 100   0 pool:  8 461589814 bases/GPU/minute: 0.0 
[PB Info 2026-May-13 10:43:49] # 100  0  0  0 100   0 pool:  8 461589814 bases/GPU/minute: 0.0 
[PB Info 2026-May-13 10:43:59] Single-ended recovery mode for batch with 12320768 (both ends) reads before itself
[PB Info 2026-May-13 10:43:59] Single-ended recovery mode for batch with 12255232 (both ends) reads before itself
[PB Info 2026-May-13 10:43:59] Single-ended recovery mode for batch with 12189696 (both ends) reads before itself
[PB Info 2026-May-13 10:43:59] # 100  0  0  0 102   0 pool:  6 468089802 bases/GPU/minute: 12999976.0 
[PB Info 2026-May-13 10:44:08] Pair-ended recovery mode for batch with 4718592 (both ends) reads before itself
[PB Info 2026-May-13 10:44:09] # 100  0  0  0 102   0 pool:  6 468089802 bases/GPU/minute: 0.0 
[PB Info 2026-May-13 10:44:19] # 100  0  0  0 102   0 pool:  6 468089802 bases/GPU/minute: 0.0 
[PB Info 2026-May-13 10:44:28] Pair-ended recovery mode for batch with 4784128 (both ends) reads before itself
[PB Info 2026-May-13 10:44:29] # 100  0  0  0 102   0 pool:  6 468089802 bases/GPU/minute: 0.0 
[PB Info 2026-May-13 10:44:39] # 100  0  0  0 101   0 pool:  7 474593315 bases/GPU/minute: 13007026.0 
[PB Info 2026-May-13 10:44:49] # 100  0  0  0 101   0 pool:  7 474593315 bases/GPU/minute: 0.0 
[PB Info 2026-May-13 10:44:59] # 100  0  0  0 100   0 pool:  8 474593315 bases/GPU/minute: 0.0 
[PB Info 2026-May-13 10:45:09] # 100  0  0  0 100   0 pool:  8 481096540 bases/GPU/minute: 13006450.0 
[PB Info 2026-May-13 10:45:19] # 100  0  0  0 100   0 pool:  8 481096540 bases/GPU/minute: 0.0 
[PB Info 2026-May-13 10:45:29] # 100  0  0  0 100   0 pool:  8 481096540 bases/GPU/minute: 0.0 
[PB Info 2026-May-13 10:45:34] Pair-ended recovery mode for batch with 4849664 (both ends) reads before itself
[PB Info 2026-May-13 10:45:39] # 100  0  0  0 100   0 pool:  8 481096540 bases/GPU/minute: 0.0 
[PB Info 2026-May-13 10:45:49] # 100  0  0  0 100   0 pool:  8 481096540 bases/GPU/minute: 0.0 
[PB Info 2026-May-13 10:45:59] # 100  0  0  0 100   0 pool:  8 481096540 bases/GPU/minute: 0.0 
[PB Info 2026-May-13 10:46:05] Single-ended recovery mode for batch with 12845056 (both ends) reads before itself
[PB Info 2026-May-13 10:46:05] Single-ended recovery mode for batch with 12779520 (both ends) reads before itself
[PB Info 2026-May-13 10:46:05] Single-ended recovery mode for batch with 12648448 (both ends) reads before itself
[PB Info 2026-May-13 10:46:05] Single-ended recovery mode for batch with 12451840 (both ends) reads before itself
[PB Info 2026-May-13 10:46:05] Single-ended recovery mode for batch with 12713984 (both ends) reads before itself
[PB Info 2026-May-13 10:46:05] Single-ended recovery mode for batch with 12582912 (both ends) reads before itself
[PB Info 2026-May-13 10:46:05] Single-ended recovery mode for batch with 12517376 (both ends) reads before itself
[PB Info 2026-May-13 10:46:05] Single-ended recovery mode for batch with 12386304 (both ends) reads before itself
[PB Info 2026-May-13 10:46:09] # 100  0  0  0 107   0 pool:  1 487598981 bases/GPU/minute: 13004882.0 
[PB Info 2026-May-13 10:46:14] Pair-ended recovery mode for batch with 4915200 (both ends) reads before itself
[PB Info 2026-May-13 10:46:19] # 100  0  0  0 107   0 pool:  1 487598981 bases/GPU/minute: 0.0 
[PB Info 2026-May-13 10:46:23] Pair-ended recovery mode for batch with 4980736 (both ends) reads before itself
[PB Info 2026-May-13 10:46:29] # 100  0  0  0 107   0 pool:  1 487598981 bases/GPU/minute: 0.0 
[PB Info 2026-May-13 10:46:39] # 100  0  0  0 107   0 pool:  1 487598981 bases/GPU/minute: 0.0 
[PB Info 2026-May-13 10:46:49] # 100  0  0  0 106   0 pool:  2 494100214 bases/GPU/minute: 13002466.0 
[PB Info 2026-May-13 10:46:59] # 100  0  0  0 105   0 pool:  3 500602989 bases/GPU/minute: 13005550.0 
[PB Info 2026-May-13 10:47:09] # 100  0  0  0 105   0 pool:  3 500602989 bases/GPU/minute: 0.0 
[PB Info 2026-May-13 10:47:19] # 100  0  0  0 105   0 pool:  3 500602989 bases/GPU/minute: 0.0 
[PB Info 2026-May-13 10:47:24] Pair-ended recovery mode for batch with 5046272 (both ends) reads before itself
[PB Info 2026-May-13 10:47:29] # 100  0  0  0 105   0 pool:  3 500602989 bases/GPU/minute: 0.0 
[PB Info 2026-May-13 10:47:39] # 100  0  0  0 105   0 pool:  3 500602989 bases/GPU/minute: 0.0 
[PB Info 2026-May-13 10:47:49] # 100  0  0  0 105   0 pool:  3 500602989 bases/GPU/minute: 0.0 
[PB Info 2026-May-13 10:47:59] # 100  0  0  0 104   0 pool:  4 507104767 bases/GPU/minute: 13003556.0 
[PB Info 2026-May-13 10:48:00] Pair-ended recovery mode for batch with 5111808 (both ends) reads before itself
[PB Info 2026-May-13 10:48:01] Pair-ended recovery mode for batch with 5177344 (both ends) reads before itself
[PB Info 2026-May-13 10:48:09] # 100  0  0  0 104   0 pool:  4 507104767 bases/GPU/minute: 0.0 
[PB Info 2026-May-13 10:48:19] # 100  0  0  0 104   0 pool:  4 507104767 bases/GPU/minute: 0.0 
[PB Info 2026-May-13 10:48:29] # 100  0  0  0 104   0 pool:  4 507104767 bases/GPU/minute: 0.0 
[PB Info 2026-May-13 10:48:39] # 100  0  0  0 102   0 pool:  6 520106927 bases/GPU/minute: 26004320.0 
[PB Info 2026-May-13 10:48:50] # 100  0  0  0 102   0 pool:  6 520106927 bases/GPU/minute: 0.0 
[PB Info 2026-May-13 10:49:00] # 100  0  0  0 102   0 pool:  6 520106927 bases/GPU/minute: 0.0 
[PB Info 2026-May-13 10:49:10] # 100  0  0  0 102   0 pool:  6 520106927 bases/GPU/minute: 0.0 
[PB Info 2026-May-13 10:49:20] # 100  0  0  0 102   0 pool:  6 520106927 bases/GPU/minute: 0.0 
[PB Info 2026-May-13 10:49:21] Pair-ended recovery mode for batch with 5242880 (both ends) reads before itself
[PB Info 2026-May-13 10:49:30] # 100  0  0  0 102   0 pool:  6 520106927 bases/GPU/minute: 0.0 
[PB Info 2026-May-13 10:49:40] # 100  0  0  0 102   0 pool:  6 520106927 bases/GPU/minute: 0.0 
[PB Info 2026-May-13 10:49:46] Pair-ended recovery mode for batch with 5373952 (both ends) reads before itself
[PB Info 2026-May-13 10:49:50] # 100  0  0  0 101   0 pool:  7 526608368 bases/GPU/minute: 13002882.0 
[PB Info 2026-May-13 10:49:50] Pair-ended recovery mode for batch with 5308416 (both ends) reads before itself
[PB Info 2026-May-13 10:50:00] # 100  0  0  0 101   0 pool:  7 526608368 bases/GPU/minute: 0.0 
[PB Info 2026-May-13 10:50:10] # 100  0  0  0 101   0 pool:  7 526608368 bases/GPU/minute: 0.0 
[PB Info 2026-May-13 10:50:20] # 97  0  0  0 103   0 pool:  8 533106809 bases/GPU/minute: 12996882.0 
[PB Info 2026-May-13 10:50:20] Single-ended recovery mode for batch with 13107200 (both ends) reads before itself
[PB Info 2026-May-13 10:50:20] Single-ended recovery mode for batch with 12910592 (both ends) reads before itself
[PB Info 2026-May-13 10:50:20] Single-ended recovery mode for batch with 12976128 (both ends) reads before itself
[PB Info 2026-May-13 10:50:20] Single-ended recovery mode for batch with 13041664 (both ends) reads before itself
[PB Info 2026-May-13 10:50:30] # 100  0  0  0 103   0 pool:  5 539608501 bases/GPU/minute: 13003384.0 
[PB Info 2026-May-13 10:50:40] # 100  0  0  0 103   0 pool:  5 539608501 bases/GPU/minute: 0.0 
[PB Info 2026-May-13 10:50:50] # 100  0  0  0 103   0 pool:  5 539608501 bases/GPU/minute: 0.0 
[PB Info 2026-May-13 10:51:00] # 100  0  0  0 103   0 pool:  5 539608501 bases/GPU/minute: 0.0 
[PB Info 2026-May-13 10:51:01] Pair-ended recovery mode for batch with 5439488 (both ends) reads before itself
[PB Info 2026-May-13 10:51:10] # 100  0  0  0 103   0 pool:  5 539608501 bases/GPU/minute: 0.0 
[PB Info 2026-May-13 10:51:20] # 100  0  0  0 103   0 pool:  5 539608501 bases/GPU/minute: 0.0 
[PB Info 2026-May-13 10:51:22] Pair-ended recovery mode for batch with 5505024 (both ends) reads before itself
[PB Info 2026-May-13 10:51:26] Pair-ended recovery mode for batch with 5570560 (both ends) reads before itself
[PB Info 2026-May-13 10:51:30] # 100  0  0  0 103   0 pool:  5 539608501 bases/GPU/minute: 0.0 
[PB Info 2026-May-13 10:51:40] # 100  0  0  0 102   0 pool:  6 546110471 bases/GPU/minute: 13003940.0 
[PB Info 2026-May-13 10:51:50] # 100  0  0  0 101   0 pool:  7 552613271 bases/GPU/minute: 13005600.0 
[PB Info 2026-May-13 10:52:00] # 100  0  0  0 100   0 pool:  8 559113712 bases/GPU/minute: 13000882.0 
[PB Info 2026-May-13 10:52:10] # 100  0  0  0 100   0 pool:  8 559113712 bases/GPU/minute: 0.0 
[PB Info 2026-May-13 10:52:20] # 100  0  0  0 100   0 pool:  8 559113712 bases/GPU/minute: 0.0 
[PB Info 2026-May-13 10:52:30] # 100  0  0  0 100   0 pool:  8 559113712 bases/GPU/minute: 0.0 
[PB Info 2026-May-13 10:52:40] # 100  0  0  0 100   0 pool:  8 559113712 bases/GPU/minute: 0.0 
[PB Info 2026-May-13 10:52:49] Pair-ended recovery mode for batch with 5636096 (both ends) reads before itself
[PB Info 2026-May-13 10:52:50] # 100  0  0  0 100   0 pool:  8 559113712 bases/GPU/minute: 0.0 
[PB Info 2026-May-13 10:53:00] # 100  0  0  0 100   0 pool:  8 559113712 bases/GPU/minute: 0.0 
[PB Info 2026-May-13 10:53:00] Pair-ended recovery mode for batch with 5701632 (both ends) reads before itself
[PB Info 2026-May-13 10:53:02] Pair-ended recovery mode for batch with 5767168 (both ends) reads before itself
[PB Info 2026-May-13 10:53:10] # 100  0  0  0 100   0 pool:  8 559113712 bases/GPU/minute: 0.0 
[PB Info 2026-May-13 10:53:20] # 100  0  0  0 100   0 pool:  8 559113712 bases/GPU/minute: 0.0 
[PB Info 2026-May-13 10:53:29] Single-ended recovery mode for batch with 13172736 (both ends) reads before itself
[PB Info 2026-May-13 10:53:29] Single-ended recovery mode for batch with 13500416 (both ends) reads before itself
[PB Info 2026-May-13 10:53:29] Single-ended recovery mode for batch with 13434880 (both ends) reads before itself
[PB Info 2026-May-13 10:53:29] Single-ended recovery mode for batch with 13238272 (both ends) reads before itself
[PB Info 2026-May-13 10:53:29] Single-ended recovery mode for batch with 13303808 (both ends) reads before itself
[PB Info 2026-May-13 10:53:29] Single-ended recovery mode for batch with 13369344 (both ends) reads before itself
[PB Info 2026-May-13 10:53:30] # 100  0  0  0 105   0 pool:  3 565616447 bases/GPU/minute: 13005470.0 
[PB Info 2026-May-13 10:53:40] # 100  0  0  0 104   0 pool:  4 572115362 bases/GPU/minute: 12997830.0 
[PB Info 2026-May-13 10:53:50] # 100  0  0  0 103   0 pool:  5 578618820 bases/GPU/minute: 13006916.0 
[PB Info 2026-May-13 10:54:00] # 100  0  0  0 103   0 pool:  5 578618820 bases/GPU/minute: 0.0 
[PB Info 2026-May-13 10:54:10] # 100  0  0  0 103   0 pool:  5 578618820 bases/GPU/minute: 0.0 
[PB Info 2026-May-13 10:54:20] # 100  0  0  0 103   0 pool:  5 578618820 bases/GPU/minute: 0.0 
[PB Info 2026-May-13 10:54:30] # 100  0  0  0 103   0 pool:  5 578618820 bases/GPU/minute: 0.0 
[PB Info 2026-May-13 10:54:34] Pair-ended recovery mode for batch with 5832704 (both ends) reads before itself
[PB Info 2026-May-13 10:54:40] Pair-ended recovery mode for batch with 5898240 (both ends) reads before itself
[PB Info 2026-May-13 10:54:40] # 100  0  0  0 103   0 pool:  5 578618820 bases/GPU/minute: 0.0 
[PB Info 2026-May-13 10:54:48] Pair-ended recovery mode for batch with 5963776 (both ends) reads before itself
[PB Info 2026-May-13 10:54:50] # 100  0  0  0 103   0 pool:  5 578618820 bases/GPU/minute: 0.0 
[PB Info 2026-May-13 10:55:00] # 100  0  0  0 102   0 pool:  6 585119110 bases/GPU/minute: 13000580.0 
[PB Info 2026-May-13 10:55:10] # 100  0  0  0 102   0 pool:  6 585119110 bases/GPU/minute: 0.0 
[PB Info 2026-May-13 10:55:20] # 100  0  0  0 100   0 pool:  8 598122319 bases/GPU/minute: 26006418.0 
[PB Info 2026-May-13 10:55:30] # 100  0  0  0 100   0 pool:  8 598122319 bases/GPU/minute: 0.0 
[PB Info 2026-May-13 10:55:40] # 100  0  0  0 100   0 pool:  8 598122319 bases/GPU/minute: 0.0 
[PB Info 2026-May-13 10:55:50] # 100  0  0  0 100   0 pool:  8 598122319 bases/GPU/minute: 0.0 
[PB Info 2026-May-13 10:56:00] # 100  0  0  0 100   0 pool:  8 598122319 bases/GPU/minute: 0.0 
[PB Info 2026-May-13 10:56:06] Pair-ended recovery mode for batch with 6029312 (both ends) reads before itself
[PB Info 2026-May-13 10:56:10] # 100  0  0  0 100   0 pool:  8 598122319 bases/GPU/minute: 0.0 
[PB Info 2026-May-13 10:56:20] # 100  0  0  0 100   0 pool:  8 598122319 bases/GPU/minute: 0.0 
[PB Info 2026-May-13 10:56:21] Pair-ended recovery mode for batch with 6094848 (both ends) reads before itself
[PB Info 2026-May-13 10:56:22] Pair-ended recovery mode for batch with 6160384 (both ends) reads before itself
[PB Info 2026-May-13 10:56:30] # 100  0  0  0 100   0 pool:  8 598122319 bases/GPU/minute: 0.0 
[PB Info 2026-May-13 10:56:35] Single-ended recovery mode for batch with 13631488 (both ends) reads before itself
[PB Info 2026-May-13 10:56:35] Single-ended recovery mode for batch with 13565952 (both ends) reads before itself
[PB Info 2026-May-13 10:56:35] Single-ended recovery mode for batch with 13697024 (both ends) reads before itself
[PB Info 2026-May-13 10:56:40] # 100  0  0  0 102   0 pool:  6 604623929 bases/GPU/minute: 13003220.0 
[PB Info 2026-May-13 10:56:50] # 100  0  0  0 101   0 pool:  7 611122646 bases/GPU/minute: 12997434.0 
[PB Info 2026-May-13 10:57:00] # 100  0  0  0 100   0 pool:  8 617623022 bases/GPU/minute: 13000752.0 
[PB Info 2026-May-13 10:57:10] # 100  0  0  0 100   0 pool:  8 617623022 bases/GPU/minute: 0.0 
[PB Info 2026-May-13 10:57:20] # 100  0  0  0 100   0 pool:  8 617623022 bases/GPU/minute: 0.0 
[PB Info 2026-May-13 10:57:30] # 100  0  0  0 100   0 pool:  8 617623022 bases/GPU/minute: 0.0 
[PB Info 2026-May-13 10:57:39] Pair-ended recovery mode for batch with 6225920 (both ends) reads before itself
[PB Info 2026-May-13 10:57:40] # 100  0  0  0 100   0 pool:  8 617623022 bases/GPU/minute: 0.0 
[PB Info 2026-May-13 10:57:50] # 100  0  0  0 100   0 pool:  8 617623022 bases/GPU/minute: 0.0 
[PB Info 2026-May-13 10:57:56] Pair-ended recovery mode for batch with 6291456 (both ends) reads before itself
[PB Info 2026-May-13 10:58:00] # 100  0  0  0 100   0 pool:  8 617623022 bases/GPU/minute: 0.0 
[PB Info 2026-May-13 10:58:10] # 100  0  0  0 100   0 pool:  8 617623022 bases/GPU/minute: 0.0 
[PB Info 2026-May-13 10:58:10] Single-ended recovery mode for batch with 13828096 (both ends) reads before itself
[PB Info 2026-May-13 10:58:10] Single-ended recovery mode for batch with 13762560 (both ends) reads before itself
[PB Info 2026-May-13 10:58:10] Single-ended recovery mode for batch with 13893632 (both ends) reads before itself
[PB Info 2026-May-13 10:58:10] Single-ended recovery mode for batch with 13959168 (both ends) reads before itself
[PB Info 2026-May-13 10:58:10] Single-ended recovery mode for batch with 14024704 (both ends) reads before itself
[PB Info 2026-May-13 10:58:16] Pair-ended recovery mode for batch with 6356992 (both ends) reads before itself
[PB Info 2026-May-13 10:58:20] # 100  0  0  0 104   0 pool:  4 624125419 bases/GPU/minute: 13004794.0 
[PB Info 2026-May-13 10:58:30] # 100  0  0  0 103   0 pool:  5 630627598 bases/GPU/minute: 13004358.0 
[PB Info 2026-May-13 10:58:40] # 100  0  0  0 103   0 pool:  5 630627598 bases/GPU/minute: 0.0 
[PB Info 2026-May-13 10:58:50] # 100  0  0  0 102   0 pool:  6 637125915 bases/GPU/minute: 12996634.0 
[PB Info 2026-May-13 10:59:00] # 100  0  0  0 102   0 pool:  6 637125915 bases/GPU/minute: 0.0 
[PB Info 2026-May-13 10:59:10] # 100  0  0  0 102   0 pool:  6 637125915 bases/GPU/minute: 0.0 
[PB Info 2026-May-13 10:59:18] Pair-ended recovery mode for batch with 6422528 (both ends) reads before itself
[PB Info 2026-May-13 10:59:20] # 100  0  0  0 102   0 pool:  6 637125915 bases/GPU/minute: 0.0 
[PB Info 2026-May-13 10:59:30] # 100  0  0  0 102   0 pool:  6 637125915 bases/GPU/minute: 0.0 
[PB Info 2026-May-13 10:59:32] Pair-ended recovery mode for batch with 6488064 (both ends) reads before itself
[PB Info 2026-May-13 10:59:40] # 100  0  0  0 102   0 pool:  6 637125915 bases/GPU/minute: 0.0 
[PB Info 2026-May-13 10:59:50] # 100  0  0  0 101   0 pool:  7 643628139 bases/GPU/minute: 13004448.0 
[PB Info 2026-May-13 10:59:51] Pair-ended recovery mode for batch with 6553600 (both ends) reads before itself
[PB Info 2026-May-13 11:00:00] # 100  0  0  0 100   0 pool:  8 650129457 bases/GPU/minute: 13002636.0 
[PB Info 2026-May-13 11:00:10] # 100  0  0  0 100   0 pool:  8 650129457 bases/GPU/minute: 0.0 
[PB Info 2026-May-13 11:00:17] Single-ended recovery mode for batch with 14221312 (both ends) reads before itself
[PB Info 2026-May-13 11:00:17] Single-ended recovery mode for batch with 14090240 (both ends) reads before itself
[PB Info 2026-May-13 11:00:17] Single-ended recovery mode for batch with 14155776 (both ends) reads before itself
[PB Info 2026-May-13 11:00:20] # 100  0  0  0 102   0 pool:  6 656629476 bases/GPU/minute: 13000038.0 
[PB Info 2026-May-13 11:00:30] # 100  0  0  0 102   0 pool:  6 656629476 bases/GPU/minute: 0.0 
[PB Info 2026-May-13 11:00:40] # 100  0  0  0 102   0 pool:  6 656629476 bases/GPU/minute: 0.0 
[PB Info 2026-May-13 11:00:50] # 100  0  0  0 102   0 pool:  6 656629476 bases/GPU/minute: 0.0 
[PB Info 2026-May-13 11:00:51] Pair-ended recovery mode for batch with 6619136 (both ends) reads before itself
[PB Info 2026-May-13 11:01:00] # 100  0  0  0 102   0 pool:  6 656629476 bases/GPU/minute: 0.0 
[PB Info 2026-May-13 11:01:04] Pair-ended recovery mode for batch with 6684672 (both ends) reads before itself
[PB Info 2026-May-13 11:01:10] # 100  0  0  0 102   0 pool:  6 656629476 bases/GPU/minute: 0.0 
[PB Info 2026-May-13 11:01:20] # 100  0  0  0 101   0 pool:  7 663129196 bases/GPU/minute: 12999440.0 
[PB Info 2026-May-13 11:01:25] Pair-ended recovery mode for batch with 6881280 (both ends) reads before itself
[PB Info 2026-May-13 11:01:30] # 100  0  0  0 101   0 pool:  7 663129196 bases/GPU/minute: 0.0 
[PB Info 2026-May-13 11:01:40] # 100  0  0  0 101   0 pool:  7 663129196 bases/GPU/minute: 0.0 
[PB Info 2026-May-13 11:01:50] # 100  0  0  0 100   0 pool:  8 669632063 bases/GPU/minute: 13005734.0 
[PB Info 2026-May-13 11:01:55] Single-ended recovery mode for batch with 14352384 (both ends) reads before itself
[PB Info 2026-May-13 11:01:55] Single-ended recovery mode for batch with 14286848 (both ends) reads before itself
[PB Info 2026-May-13 11:01:55] Single-ended recovery mode for batch with 14548992 (both ends) reads before itself
[PB Info 2026-May-13 11:01:55] Single-ended recovery mode for batch with 14483456 (both ends) reads before itself
[PB Info 2026-May-13 11:01:55] Single-ended recovery mode for batch with 14417920 (both ends) reads before itself
[PB Info 2026-May-13 11:02:00] # 100  0  0  0 104   0 pool:  4 676132735 bases/GPU/minute: 13001344.0 
[PB Info 2026-May-13 11:02:10] # 100  0  0  0 104   0 pool:  4 676132735 bases/GPU/minute: 0.0 
[PB Info 2026-May-13 11:02:15] Pair-ended recovery mode for batch with 7274496 (both ends) reads before itself
[PB Info 2026-May-13 11:02:20] # 100  0  0  0 104   0 pool:  4 676132735 bases/GPU/minute: 0.0 
[PB Info 2026-May-13 11:02:30] # 100  0  0  0 104   0 pool:  4 676132735 bases/GPU/minute: 0.0 
[PB Info 2026-May-13 11:02:40] # 100  0  0  0 104   0 pool:  4 676132735 bases/GPU/minute: 0.0 
[PB Info 2026-May-13 11:02:50] # 100  0  0  0 103   0 pool:  5 682634627 bases/GPU/minute: 13003784.0 
[PB Info 2026-May-13 11:02:57] Pair-ended recovery mode for batch with 7077888 (both ends) reads before itself
[PB Info 2026-May-13 11:03:00] # 100  0  0  0 103   0 pool:  5 682634627 bases/GPU/minute: 0.0 
[PB Info 2026-May-13 11:03:02] Pair-ended recovery mode for batch with 7471104 (both ends) reads before itself
[PB Info 2026-May-13 11:03:10] # 100  0  0  0 103   0 pool:  5 682634627 bases/GPU/minute: 0.0 
[PB Info 2026-May-13 11:03:20] # 100  0  0  0 103   0 pool:  5 682634627 bases/GPU/minute: 0.0 
[PB Info 2026-May-13 11:03:30] # 100  0  0  0 102   0 pool:  6 689135730 bases/GPU/minute: 13002206.0 
[PB Info 2026-May-13 11:03:37] Pair-ended recovery mode for batch with 7143424 (both ends) reads before itself
[PB Info 2026-May-13 11:03:40] # 100  0  0  0 101   0 pool:  7 695639139 bases/GPU/minute: 13006818.0 
[PB Info 2026-May-13 11:03:50] # 100  0  0  0 101   0 pool:  7 695639139 bases/GPU/minute: 0.0 
[PB Info 2026-May-13 11:04:00] # 100  0  0  0 101   0 pool:  7 695639139 bases/GPU/minute: 0.0 
[PB Info 2026-May-13 11:04:10] # 100  0  0  0 100   0 pool:  8 702140418 bases/GPU/minute: 13002558.0 
[PB Info 2026-May-13 11:04:20] # 100  0  0  0 100   0 pool:  8 702140418 bases/GPU/minute: 0.0 
[PB Info 2026-May-13 11:04:30] # 100  0  0  0 100   0 pool:  8 702140418 bases/GPU/minute: 0.0 
[PB Info 2026-May-13 11:04:30] Pair-ended recovery mode for batch with 7405568 (both ends) reads before itself
[PB Info 2026-May-13 11:04:40] # 100  0  0  0 100   0 pool:  8 702140418 bases/GPU/minute: 0.0 
[PB Info 2026-May-13 11:04:43] Pair-ended recovery mode for batch with 7536640 (both ends) reads before itself
[PB Info 2026-May-13 11:04:50] # 100  0  0  0 100   0 pool:  8 702140418 bases/GPU/minute: 0.0 
[PB Info 2026-May-13 11:04:59] Single-ended recovery mode for batch with 14942208 (both ends) reads before itself
[PB Info 2026-May-13 11:04:59] Single-ended recovery mode for batch with 14614528 (both ends) reads before itself
[PB Info 2026-May-13 11:04:59] Single-ended recovery mode for batch with 14680064 (both ends) reads before itself
[PB Info 2026-May-13 11:04:59] Single-ended recovery mode for batch with 14876672 (both ends) reads before itself
[PB Info 2026-May-13 11:04:59] Single-ended recovery mode for batch with 15073280 (both ends) reads before itself
[PB Info 2026-May-13 11:04:59] Single-ended recovery mode for batch with 15007744 (both ends) reads before itself
[PB Info 2026-May-13 11:04:59] Single-ended recovery mode for batch with 14811136 (both ends) reads before itself
[PB Info 2026-May-13 11:04:59] Single-ended recovery mode for batch with 14745600 (both ends) reads before itself
[PB Info 2026-May-13 11:05:00] # 96  0  0  0 107   0 pool:  5 708644617 bases/GPU/minute: 13008398.0 
[PB Info 2026-May-13 11:05:00] Pair-ended recovery mode for batch with 7012352 (both ends) reads before itself
[PB Info 2026-May-13 11:05:10] # 100  0  0  0 107   0 pool:  1 708644617 bases/GPU/minute: 0.0 
[PB Info 2026-May-13 11:05:20] # 100  0  0  0 106   0 pool:  2 715146059 bases/GPU/minute: 13002884.0 
[PB Info 2026-May-13 11:05:30] # 100  0  0  0 105   0 pool:  3 721647842 bases/GPU/minute: 13003566.0 
[PB Info 2026-May-13 11:05:40] # 100  0  0  0 105   0 pool:  3 721647842 bases/GPU/minute: 0.0 
[PB Info 2026-May-13 11:05:50] # 100  0  0  0 105   0 pool:  3 721647842 bases/GPU/minute: 0.0 
[PB Info 2026-May-13 11:06:00] # 100  0  0  0 105   0 pool:  3 721647842 bases/GPU/minute: 0.0 
[PB Info 2026-May-13 11:06:06] Pair-ended recovery mode for batch with 7733248 (both ends) reads before itself
[PB Info 2026-May-13 11:06:10] # 100  0  0  0 105   0 pool:  3 721647842 bases/GPU/minute: 0.0 
[PB Info 2026-May-13 11:06:20] # 100  0  0  0 105   0 pool:  3 721647842 bases/GPU/minute: 0.0 
[PB Info 2026-May-13 11:06:26] Pair-ended recovery mode for batch with 7929856 (both ends) reads before itself
[PB Info 2026-May-13 11:06:28] Pair-ended recovery mode for batch with 7667712 (both ends) reads before itself
[PB Info 2026-May-13 11:06:30] # 100  0  0  0 104   0 pool:  4 728151284 bases/GPU/minute: 13006884.0 
[PB Info 2026-May-13 11:06:40] # 100  0  0  0 104   0 pool:  4 728151284 bases/GPU/minute: 0.0 
[PB Info 2026-May-13 11:06:50] # 100  0  0  0 103   0 pool:  5 734655929 bases/GPU/minute: 13009290.0 
[PB Info 2026-May-13 11:07:00] # 100  0  0  0 103   0 pool:  5 734655929 bases/GPU/minute: 0.0 
[PB Info 2026-May-13 11:07:10] # 100  0  0  0 102   0 pool:  6 741159882 bases/GPU/minute: 13007906.0 
[PB Info 2026-May-13 11:07:20] # 100  0  0  0 102   0 pool:  6 741159882 bases/GPU/minute: 0.0 
[PB Info 2026-May-13 11:07:30] # 100  0  0  0 102   0 pool:  6 741159882 bases/GPU/minute: 0.0 
[PB Info 2026-May-13 11:07:40] # 100  0  0  0 102   0 pool:  6 741159882 bases/GPU/minute: 0.0 
[PB Info 2026-May-13 11:07:45] Pair-ended recovery mode for batch with 7864320 (both ends) reads before itself
[PB Info 2026-May-13 11:07:50] # 100  0  0  0 102   0 pool:  6 741159882 bases/GPU/minute: 0.0 
[PB Info 2026-May-13 11:07:55] Pair-ended recovery mode for batch with 7798784 (both ends) reads before itself
[PB Info 2026-May-13 11:08:00] # 100  0  0  0 102   0 pool:  6 741159882 bases/GPU/minute: 0.0 
[PB Info 2026-May-13 11:08:10] # 100  0  0  0 102   0 pool:  6 741159882 bases/GPU/minute: 0.0 
[PB Info 2026-May-13 11:08:20] # 100  0  0  0 101   0 pool:  7 747662224 bases/GPU/minute: 13004684.0 
[PB Info 2026-May-13 11:08:23] Pair-ended recovery mode for batch with 8060928 (both ends) reads before itself
[PB Info 2026-May-13 11:08:30] # 100  0  0  0 100   0 pool:  8 754161484 bases/GPU/minute: 12998520.0 
[PB Info 2026-May-13 11:08:40] # 100  0  0  0 100   0 pool:  8 754161484 bases/GPU/minute: 0.0 
[PB Info 2026-May-13 11:08:50] # 100  0  0  0 100   0 pool:  8 754161484 bases/GPU/minute: 0.0 
[PB Info 2026-May-13 11:08:51] Single-ended recovery mode for batch with 15138816 (both ends) reads before itself
[PB Info 2026-May-13 11:08:51] Single-ended recovery mode for batch with 15204352 (both ends) reads before itself
[PB Info 2026-May-13 11:08:51] Single-ended recovery mode for batch with 15269888 (both ends) reads before itself
[PB Info 2026-May-13 11:09:00] # 100  0  0  0 102   0 pool:  6 760660894 bases/GPU/minute: 12998820.0 
[PB Info 2026-May-13 11:09:10] # 100  0  0  0 102   0 pool:  6 760660894 bases/GPU/minute: 0.0 
[PB Info 2026-May-13 11:09:20] # 100  0  0  0 102   0 pool:  6 760660894 bases/GPU/minute: 0.0 
[PB Info 2026-May-13 11:09:22] Pair-ended recovery mode for batch with 7340032 (both ends) reads before itself
[PB Info 2026-May-13 11:09:30] # 100  0  0  0 102   0 pool:  6 760660894 bases/GPU/minute: 0.0 
[PB Info 2026-May-13 11:09:35] Pair-ended recovery mode for batch with 7995392 (both ends) reads before itself
[PB Info 2026-May-13 11:09:40] # 100  0  0  0 102   0 pool:  6 760660894 bases/GPU/minute: 0.0 
[PB Info 2026-May-13 11:09:50] # 100  0  0  0 101   0 pool:  7 767161711 bases/GPU/minute: 13001634.0 
[PB Info 2026-May-13 11:09:53] Pair-ended recovery mode for batch with 8192000 (both ends) reads before itself
[PB Info 2026-May-13 11:10:00] # 100  0  0  0 101   0 pool:  7 767161711 bases/GPU/minute: 0.0 
[PB Info 2026-May-13 11:10:10] # 100  0  0  0 100   0 pool:  8 773663470 bases/GPU/minute: 13003518.0 
[PB Info 2026-May-13 11:10:20] # 100  0  0  0 100   0 pool:  8 773663470 bases/GPU/minute: 0.0 
[PB Info 2026-May-13 11:10:23] Single-ended recovery mode for batch with 15466496 (both ends) reads before itself
[PB Info 2026-May-13 11:10:23] Single-ended recovery mode for batch with 15532032 (both ends) reads before itself
[PB Info 2026-May-13 11:10:23] Single-ended recovery mode for batch with 15335424 (both ends) reads before itself
[PB Info 2026-May-13 11:10:23] Single-ended recovery mode for batch with 15400960 (both ends) reads before itself
[PB Info 2026-May-13 11:10:30] # 100  0  0  0 103   0 pool:  5 780166786 bases/GPU/minute: 13006632.0 
[PB Info 2026-May-13 11:10:40] # 100  0  0  0 103   0 pool:  5 780166786 bases/GPU/minute: 0.0 
[PB Info 2026-May-13 11:10:50] # 100  0  0  0 103   0 pool:  5 780166786 bases/GPU/minute: 0.0 
[PB Info 2026-May-13 11:10:53] Pair-ended recovery mode for batch with 6750208 (both ends) reads before itself
[PB Info 2026-May-13 11:11:00] # 100  0  0  0 103   0 pool:  5 780166786 bases/GPU/minute: 0.0 
[PB Info 2026-May-13 11:11:10] # 100  0  0  0 103   0 pool:  5 780166786 bases/GPU/minute: 0.0 
[PB Info 2026-May-13 11:11:13] Pair-ended recovery mode for batch with 8126464 (both ends) reads before itself
[PB Info 2026-May-13 11:11:20] # 100  0  0  0 103   0 pool:  5 780166786 bases/GPU/minute: 0.0 
[PB Info 2026-May-13 11:11:30] # 100  0  0  0 102   0 pool:  6 786670004 bases/GPU/minute: 13006436.0 
[PB Info 2026-May-13 11:11:34] Pair-ended recovery mode for batch with 8257536 (both ends) reads before itself
[PB Info 2026-May-13 11:11:40] # 100  0  0  0 102   0 pool:  6 786670004 bases/GPU/minute: 0.0 
[PB Info 2026-May-13 11:11:50] # 100  0  0  0 101   0 pool:  7 793173261 bases/GPU/minute: 13006514.0 
[PB Info 2026-May-13 11:12:00] # 100  0  0  0 101   0 pool:  7 793173261 bases/GPU/minute: 0.0 
[PB Info 2026-May-13 11:12:10] # 100  0  0  0 100   0 pool:  8 799676022 bases/GPU/minute: 13005522.0 
[PB Info 2026-May-13 11:12:20] # 100  0  0  0 100   0 pool:  8 799676022 bases/GPU/minute: 0.0 
[PB Info 2026-May-13 11:12:30] # 100  0  0  0 100   0 pool:  8 799676022 bases/GPU/minute: 0.0 
[PB Info 2026-May-13 11:12:38] Pair-ended recovery mode for batch with 8323072 (both ends) reads before itself
[PB Info 2026-May-13 11:12:40] # 100  0  0  0 100   0 pool:  8 799676022 bases/GPU/minute: 0.0 
[PB Info 2026-May-13 11:12:50] # 100  0  0  0 100   0 pool:  8 799676022 bases/GPU/minute: 0.0 
[PB Info 2026-May-13 11:12:50] Pair-ended recovery mode for batch with 7602176 (both ends) reads before itself
[PB Info 2026-May-13 11:13:00] # 100  0  0  0 100   0 pool:  8 799676022 bases/GPU/minute: 0.0 
[PB Info 2026-May-13 11:13:03] Single-ended recovery mode for batch with 15794176 (both ends) reads before itself
[PB Info 2026-May-13 11:13:03] Single-ended recovery mode for batch with 15663104 (both ends) reads before itself
[PB Info 2026-May-13 11:13:03] Single-ended recovery mode for batch with 15990784 (both ends) reads before itself
[PB Info 2026-May-13 11:13:03] Single-ended recovery mode for batch with 15728640 (both ends) reads before itself
[PB Info 2026-May-13 11:13:03] Single-ended recovery mode for batch with 15597568 (both ends) reads before itself
[PB Info 2026-May-13 11:13:03] Single-ended recovery mode for batch with 15925248 (both ends) reads before itself
[PB Info 2026-May-13 11:13:03] Single-ended recovery mode for batch with 15859712 (both ends) reads before itself
[PB Info 2026-May-13 11:13:08] Pair-ended recovery mode for batch with 8716288 (both ends) reads before itself
[PB Info 2026-May-13 11:13:10] # 100  0  0  0 106   0 pool:  2 806175033 bases/GPU/minute: 12998022.0 
[PB Info 2026-May-13 11:13:20] # 100  0  0  0 105   0 pool:  3 812674363 bases/GPU/minute: 12998660.0 
[PB Info 2026-May-13 11:13:30] # 100  0  0  0 105   0 pool:  3 812674363 bases/GPU/minute: 0.0 
[PB Info 2026-May-13 11:13:40] # 100  0  0  0 104   0 pool:  4 819175888 bases/GPU/minute: 13003050.0 
[PB Info 2026-May-13 11:13:50] # 100  0  0  0 104   0 pool:  4 819175888 bases/GPU/minute: 0.0 
[PB Info 2026-May-13 11:14:00] # 100  0  0  0 104   0 pool:  4 819175888 bases/GPU/minute: 0.0 
[PB Info 2026-May-13 11:14:10] # 100  0  0  0 104   0 pool:  4 819175888 bases/GPU/minute: 0.0 
[PB Info 2026-May-13 11:14:12] Pair-ended recovery mode for batch with 8454144 (both ends) reads before itself
[PB Info 2026-May-13 11:14:20] Pair-ended recovery mode for batch with 8585216 (both ends) reads before itself
[PB Info 2026-May-13 11:14:20] # 100  0  0  0 104   0 pool:  4 819175888 bases/GPU/minute: 0.0 
[PB Info 2026-May-13 11:14:30] # 100  0  0  0 104   0 pool:  4 819175888 bases/GPU/minute: 0.0 
[PB Info 2026-May-13 11:14:40] # 100  0  0  0 103   0 pool:  5 825679626 bases/GPU/minute: 13007476.0 
[PB Info 2026-May-13 11:14:48] Pair-ended recovery mode for batch with 6815744 (both ends) reads before itself
[PB Info 2026-May-13 11:14:50] # 100  0  0  0 102   0 pool:  6 832179079 bases/GPU/minute: 12998906.0 
[PB Info 2026-May-13 11:15:00] # 100  0  0  0 102   0 pool:  6 832179079 bases/GPU/minute: 0.0 
[PB Info 2026-May-13 11:15:10] # 100  0  0  0 102   0 pool:  6 832179079 bases/GPU/minute: 0.0 
[PB Info 2026-May-13 11:15:20] # 100  0  0  0 101   0 pool:  7 838677490 bases/GPU/minute: 12996822.0 
[PB Info 2026-May-13 11:15:30] # 100  0  0  0 101   0 pool:  7 838677490 bases/GPU/minute: 0.0 
[PB Info 2026-May-13 11:15:40] # 100  0  0  0 101   0 pool:  7 838677490 bases/GPU/minute: 0.0 
[PB Info 2026-May-13 11:15:41] Pair-ended recovery mode for batch with 9109504 (both ends) reads before itself
[PB Info 2026-May-13 11:15:50] # 100  0  0  0 101   0 pool:  7 838677490 bases/GPU/minute: 0.0 
[PB Info 2026-May-13 11:15:54] Pair-ended recovery mode for batch with 8847360 (both ends) reads before itself
[PB Info 2026-May-13 11:16:00] # 100  0  0  0 101   0 pool:  7 838677490 bases/GPU/minute: 0.0 
[PB Info 2026-May-13 11:16:10] # 100  0  0  0 101   0 pool:  7 838677490 bases/GPU/minute: 0.0 
[PB Info 2026-May-13 11:16:20] # 100  0  0  0 100   0 pool:  8 845179410 bases/GPU/minute: 13003840.0 
[PB Info 2026-May-13 11:16:26] Single-ended recovery mode for batch with 16318464 (both ends) reads before itself
[PB Info 2026-May-13 11:16:26] Single-ended recovery mode for batch with 16187392 (both ends) reads before itself
[PB Info 2026-May-13 11:16:26] Single-ended recovery mode for batch with 16121856 (both ends) reads before itself
[PB Info 2026-May-13 11:16:26] Single-ended recovery mode for batch with 16252928 (both ends) reads before itself
[PB Info 2026-May-13 11:16:26] Single-ended recovery mode for batch with 16056320 (both ends) reads before itself
[PB Info 2026-May-13 11:16:26] Single-ended recovery mode for batch with 16384000 (both ends) reads before itself
[PB Info 2026-May-13 11:16:30] # 100  0  0  0 105   0 pool:  3 851680381 bases/GPU/minute: 13001942.0 
[PB Info 2026-May-13 11:16:35] Pair-ended recovery mode for batch with 6946816 (both ends) reads before itself
[PB Info 2026-May-13 11:16:40] # 100  0  0  0 105   0 pool:  3 851680381 bases/GPU/minute: 0.0 
[PB Info 2026-May-13 11:16:50] # 100  0  0  0 105   0 pool:  3 851680381 bases/GPU/minute: 0.0 
[PB Info 2026-May-13 11:17:00] # 100  0  0  0 105   0 pool:  3 851680381 bases/GPU/minute: 0.0 
[PB Info 2026-May-13 11:17:10] # 100  0  0  0 104   0 pool:  4 858184961 bases/GPU/minute: 13009160.0 
[PB Info 2026-May-13 11:17:19] Pair-ended recovery mode for batch with 9043968 (both ends) reads before itself
[PB Info 2026-May-13 11:17:20] # 100  0  0  0 104   0 pool:  4 858184961 bases/GPU/minute: 0.0 
[PB Info 2026-May-13 11:17:30] # 100  0  0  0 104   0 pool:  4 858184961 bases/GPU/minute: 0.0 
[PB Info 2026-May-13 11:17:31] Pair-ended recovery mode for batch with 8650752 (both ends) reads before itself
[PB Info 2026-May-13 11:17:40] # 100  0  0  0 104   0 pool:  4 858184961 bases/GPU/minute: 0.0 
[PB Info 2026-May-13 11:17:50] # 100  0  0  0 103   0 pool:  5 864683506 bases/GPU/minute: 12997090.0 
[PB Info 2026-May-13 11:18:00] # 100  0  0  0 102   0 pool:  6 871186434 bases/GPU/minute: 13005856.0 
[PB Info 2026-May-13 11:18:10] # 100  0  0  0 102   0 pool:  6 871186434 bases/GPU/minute: 0.0 
[PB Info 2026-May-13 11:18:10] Pair-ended recovery mode for batch with 9502720 (both ends) reads before itself
[PB Info 2026-May-13 11:18:20] # 100  0  0  0 102   0 pool:  6 871186434 bases/GPU/minute: 0.0 
[PB Info 2026-May-13 11:18:30] # 100  0  0  0 102   0 pool:  6 871186434 bases/GPU/minute: 0.0 
[PB Info 2026-May-13 11:18:40] # 100  0  0  0 102   0 pool:  6 871186434 bases/GPU/minute: 0.0 
[PB Info 2026-May-13 11:18:50] # 100  0  0  0 101   0 pool:  7 877685716 bases/GPU/minute: 12998564.0 
[PB Info 2026-May-13 11:18:50] Pair-ended recovery mode for batch with 9371648 (both ends) reads before itself
[PB Info 2026-May-13 11:18:59] Pair-ended recovery mode for batch with 8912896 (both ends) reads before itself
[PB Info 2026-May-13 11:19:00] # 100  0  0  0 101   0 pool:  7 877685716 bases/GPU/minute: 0.0 
[PB Info 2026-May-13 11:19:10] # 100  0  0  0 101   0 pool:  7 877685716 bases/GPU/minute: 0.0 
[PB Info 2026-May-13 11:19:20] # 100  0  0  0 100   0 pool:  8 884187430 bases/GPU/minute: 13003428.0 
[PB Info 2026-May-13 11:19:28] Single-ended recovery mode for batch with 16580608 (both ends) reads before itself
[PB Info 2026-May-13 11:19:28] Single-ended recovery mode for batch with 16449536 (both ends) reads before itself
[PB Info 2026-May-13 11:19:28] Single-ended recovery mode for batch with 16515072 (both ends) reads before itself
[PB Info 2026-May-13 11:19:30] # 100  0  0  0 102   0 pool:  6 890690707 bases/GPU/minute: 13006554.0 
[PB Info 2026-May-13 11:19:40] # 100  0  0  0 102   0 pool:  6 890690707 bases/GPU/minute: 0.0 
[PB Info 2026-May-13 11:19:50] # 100  0  0  0 102   0 pool:  6 890690707 bases/GPU/minute: 0.0 
[PB Info 2026-May-13 11:19:52] Pair-ended recovery mode for batch with 9437184 (both ends) reads before itself
[PB Info 2026-May-13 11:20:00] # 100  0  0  0 102   0 pool:  6 890690707 bases/GPU/minute: 0.0 
[PB Info 2026-May-13 11:20:10] # 100  0  0  0 102   0 pool:  6 890690707 bases/GPU/minute: 0.0 
[PB Info 2026-May-13 11:20:20] # 100  0  0  0 101   0 pool:  7 897192995 bases/GPU/minute: 13004576.0 
[PB Info 2026-May-13 11:20:22] Pair-ended recovery mode for batch with 8978432 (both ends) reads before itself
[PB Info 2026-May-13 11:20:30] # 100  0  0  0 101   0 pool:  7 897192995 bases/GPU/minute: 0.0 
[PB Info 2026-May-13 11:20:31] Pair-ended recovery mode for batch with 8519680 (both ends) reads before itself
[PB Info 2026-May-13 11:20:40] # 100  0  0  0 101   0 pool:  7 897192995 bases/GPU/minute: 0.0 
[PB Info 2026-May-13 11:20:50] # 100  0  0  0 100   0 pool:  8 903694763 bases/GPU/minute: 13003536.0 
[PB Info 2026-May-13 11:20:57] Single-ended recovery mode for batch with 16646144 (both ends) reads before itself
[PB Info 2026-May-13 11:20:58] Single-ended recovery mode for batch with 16842752 (both ends) reads before itself
[PB Info 2026-May-13 11:20:58] Single-ended recovery mode for batch with 16711680 (both ends) reads before itself
[PB Info 2026-May-13 11:20:58] Single-ended recovery mode for batch with 16777216 (both ends) reads before itself
[PB Info 2026-May-13 11:21:00] # 100  0  0  0 103   0 pool:  5 910195662 bases/GPU/minute: 13001798.0 
[PB Info 2026-May-13 11:21:10] # 100  0  0  0 103   0 pool:  5 910195662 bases/GPU/minute: 0.0 
[PB Info 2026-May-13 11:21:20] # 100  0  0  0 103   0 pool:  5 910195662 bases/GPU/minute: 0.0 
[PB Info 2026-May-13 11:21:25] Pair-ended recovery mode for batch with 8781824 (both ends) reads before itself
[PB Info 2026-May-13 11:21:30] # 100  0  0  0 103   0 pool:  5 910195662 bases/GPU/minute: 0.0 
[PB Info 2026-May-13 11:21:40] # 100  0  0  0 103   0 pool:  5 910195662 bases/GPU/minute: 0.0 
[PB Info 2026-May-13 11:21:50] Pair-ended recovery mode for batch with 9961472 (both ends) reads before itself
[PB Info 2026-May-13 11:21:50] # 100  0  0  0 103   0 pool:  5 910195662 bases/GPU/minute: 0.0 
[PB Info 2026-May-13 11:22:00] Pair-ended recovery mode for batch with 9306112 (both ends) reads before itself
[PB Info 2026-May-13 11:22:00] # 100  0  0  0 102   0 pool:  6 916694797 bases/GPU/minute: 12998270.0 
[PB Info 2026-May-13 11:22:10] # 100  0  0  0 102   0 pool:  6 916694797 bases/GPU/minute: 0.0 
[PB Info 2026-May-13 11:22:20] # 100  0  0  0 101   0 pool:  7 923193469 bases/GPU/minute: 12997344.0 
[PB Info 2026-May-13 11:22:30] # 100  0  0  0 101   0 pool:  7 923193469 bases/GPU/minute: 0.0 
[PB Info 2026-May-13 11:22:40] # 100  0  0  0 100   0 pool:  8 929691786 bases/GPU/minute: 12996634.0 
[PB Info 2026-May-13 11:22:50] # 100  0  0  0 100   0 pool:  8 929691786 bases/GPU/minute: 0.0 
[PB Info 2026-May-13 11:23:00] # 100  0  0  0 100   0 pool:  8 929691786 bases/GPU/minute: 0.0 
[PB Info 2026-May-13 11:23:10] # 100  0  0  0 100   0 pool:  8 929691786 bases/GPU/minute: 0.0 
[PB Info 2026-May-13 11:23:20] # 100  0  0  0 100   0 pool:  8 929691786 bases/GPU/minute: 0.0 
[PB Info 2026-May-13 11:23:22] Pair-ended recovery mode for batch with 9633792 (both ends) reads before itself
[PB Info 2026-May-13 11:23:30] # 100  0  0  0 100   0 pool:  8 929691786 bases/GPU/minute: 0.0 
[PB Info 2026-May-13 11:23:37] Pair-ended recovery mode for batch with 8388608 (both ends) reads before itself
[PB Info 2026-May-13 11:23:40] # 100  0  0  0 100   0 pool:  8 929691786 bases/GPU/minute: 0.0 
[PB Info 2026-May-13 11:23:50] # 100  0  0  0 100   0 pool:  8 929691786 bases/GPU/minute: 0.0 
[PB Info 2026-May-13 11:23:51] Single-ended recovery mode for batch with 16908288 (both ends) reads before itself
[PB Info 2026-May-13 11:23:51] Single-ended recovery mode for batch with 17104896 (both ends) reads before itself
[PB Info 2026-May-13 11:23:51] Single-ended recovery mode for batch with 16973824 (both ends) reads before itself
[PB Info 2026-May-13 11:23:51] Single-ended recovery mode for batch with 17235968 (both ends) reads before itself
[PB Info 2026-May-13 11:23:51] Single-ended recovery mode for batch with 17039360 (both ends) reads before itself
[PB Info 2026-May-13 11:23:51] Single-ended recovery mode for batch with 17170432 (both ends) reads before itself
[PB Info 2026-May-13 11:23:52] Pair-ended recovery mode for batch with 9568256 (both ends) reads before itself
