
 N E X T F L O W   ~  version 25.10.2

Launching `main.nf` [elated_meitner] DSL2 - revision: 39ec318fbd

WARN: The following invalid input values have been detected:

* --genome_fasta: /data/Jyotirmoy/JD/TwistMethylFlow-devel/MethylFlow/data/test_data/Homo_sapiens.GRCh38.dna.primary_assembly.fa
* --bismark_index: false
* --save_reference: false
* --aligner: bwameth
* --use_parabricks: true
* --design_file: null
* --run_clinical_report: true
* --promoter_dist: 2000
* --enhancer_dist: 10000
* --compare_str: all
* --coverage_threshold: 3
* --min_30x_pc: 80
* --multiqc_config: null
* --multiqc_title: null
* --max_memory: 250.GB
* --max_cpus: 48
* --max_time: 72.h
* --gtf_file: /data/Jyotirmoy/JD/TwistMethylFlow-devel/MethylFlow/data/test_data/Homo_sapiens.GRCh38.104.gtf
* --refseq_file: /data/Jyotirmoy/JD/TwistMethylFlow-devel/MethylFlow/data/test_data/hg38_RefSeq.bed.gz
* --methylkit: [assembly:hg38, mc_cores:8, diff:0.25, qvalue:0.01, bed_file:/data/Jyotirmoy/JD/TwistMethylFlow-devel/MethylFlow/data/Twist_HMP_target_BED/covered_targets_Twist_Methylome_hg38_annotated_collapsed.bed, min_per_group:3]
* --dss: [p_threshold:0.01, diff_threshold:0.25]
* --edger: [p_threshold:0.01, logfc_cutoff:0.25]
* --post_processing: true
* --logfc_cutoff: 0.25
* --pvalue_cutoff: 0.01
* --top_n_genes: 100
* --kegg_logfc_cutoff: 0.1
* --kegg_pvalue_cutoff: 0.1
* --hyper_color: red
* --hypo_color: blue
* --nonsig_color: black
* --qualimap_args: 
* --skip_diff_meth: false
* --pre_stage_test_data: true
* --config_profile_name: Minimal Test profile (GPU)
* --config_profile_description: Full clinical test dataset (DMR + Enrichment + Reporting) using local files
* --parabricks_container: nvcr.io/nvidia/clara/clara-parabricks:4.4.0-1



    ===============================================================================
    ▗▄▄▄▖▗▖ ▗▖▗▄▄▄▖ ▗▄▄▖▗▄▄▄▖▗▖  ▗▖▗▄▄▄▖▗▄▄▄▖▗▖ ▗▖▗▖  ▗▖▗▖   ▗▄▄▄▖▗▖    ▗▄▖ ▗▖ ▗▖
      █  ▐▌ ▐▌  █  ▐▌     █  ▐▛▚▞▜▌▐▌     █  ▐▌ ▐▌ ▝▚▞▘ ▐▌   ▐▌   ▐▌   ▐▌ ▐▌▐▌ ▐▌
      █  ▐▌ ▐▌  █   ▝▀▚▖  █  ▐▌  ▐▌▐▛▀▀▘  █  ▐▛▀▜▌  ▐▌  ▐▌   ▐▛▀▀▘▐▌   ▐▌ ▐▌▐▌ ▐▌
      █  ▐▙█▟▌▗▄█▄▖▗▄▄▞▘  █  ▐▌  ▐▌▐▙▄▄▖  █  ▐▌ ▐▌  ▐▌  ▐▙▄▄▖▐▌   ▐▙▄▄▖▝▚▄▞▘▐▙█▟▌

    MethylFlow DNA Methylation Data Analysis Pipeline
    ================================================================================
    Execution Profile       : ${workflow.profile}
    Operating Mode          : ${params.mode}
    Sample Sheet            : ${params.sample_sheet}
    Output Directory        : ${params.outdir}

    [Reference & Environment]
    Genome Fasta            : ${params.genome_fasta}
    Pre-stage Test Data     : ${params.pre_stage_test_data}

    [Alignment Strategy]
    Primary Aligner         : ${params.aligner}
    GPU Acceleration        : ${params.use_parabricks}

    [DMR & Clinical Setup]
    Compare String          : ${params.compare_str}
    Coverage Threshold      : ${params.coverage_threshold}x
    DMR Method              : ${params.diff_meth_method}
    Skip Diff Meth          : ${params.skip_diff_meth}

    [Consensus Thresholds]
    MethylKit (Diff / Q)    : ${params.methylkit.diff} / ${params.methylkit.qvalue}
    DSS (Diff / P)          : ${params.dss.diff_threshold} / ${params.dss.p_threshold}
    EdgeR (LogFC / P)       : ${params.edger.logfc_cutoff} / ${params.edger.p_threshold}
    Top N Genes Exported    : ${params.top_n_genes}
    ================================================================================
    
Creating sample channel from: /data/Jyotirmoy/JD/TwistMethylFlow-devel/MethylFlow/data/Sample_sheet_twist_minimal.csv
[-        ] PRE_STAGE:PRE_STAGE_FILES -

[-        ] PRE_STAGE:PRE_STAGE_FILES      -
[-        ] READ_PROCESSING:FASTQC         -
[-        ] REA…PROCESSING:CHECKSUM_VERIFY -
[-        ] READ_PROCESSING:TRIM_GALORE    -
[-        ] PAR…CKS_ANALYSIS:BWAMETH_INDEX -
[-        ] PAR…YSIS:PARABRICKS_FQ2BAMMETH -
[-        ] PAR…KS_ANALYSIS:SAMTOOLS_INDEX -
[-        ] PARABRICKS_ANALYSIS:QUALIMAP   -
[-        ] PAR…KS_ANALYSIS:SAMTOOLS_FAIDX -
[-        ] PAR…LYSIS:METHYLDACKEL_EXTRACT -
[-        ] DIF…METHYLATION:EDGER_ANALYSIS -
[-        ] DIF…YLATION:METHYLKIT_ANALYSIS -
[-        ] DIF…L_METHYLATION:DSS_ANALYSIS -
[-        ] RES…SIS:ANNOTATE_RESULTS_EDGER -
[-        ] RES…YSIS:POST_PROCESSING_EDGER -
[-        ] RES…:ENRICHMENT_ANALYSIS_EDGER -
[-        ] RES…:POST_PROCESSING_METHYLKIT -
[-        ] RES…ICHMENT_ANALYSIS_METHYLKIT -
DIFFERENTIAL_METHYLATION: Prepared coverage files for analysis
DIFFERENTIAL_METHYLATION: Running EdgeR analysis
DIFFERENTIAL_METHYLATION: Running MethylKit analysis
Submitting to DIFFERENTIAL_METHYLATION with method: all
Running RESULT_ANALYSIS...

[-        ] PRE_STAGE:PRE_STAGE_FILES      -
[-        ] READ_PROCESSING:FASTQC         -
[-        ] REA…PROCESSING:CHECKSUM_VERIFY -
[-        ] READ_PROCESSING:TRIM_GALORE    -
[-        ] PAR…CKS_ANALYSIS:BWAMETH_INDEX -
[-        ] PAR…YSIS:PARABRICKS_FQ2BAMMETH -
[-        ] PAR…KS_ANALYSIS:SAMTOOLS_INDEX -
[-        ] PARABRICKS_ANALYSIS:QUALIMAP   -
[-        ] PAR…KS_ANALYSIS:SAMTOOLS_FAIDX -
[-        ] PAR…LYSIS:METHYLDACKEL_EXTRACT -
[-        ] DIF…METHYLATION:EDGER_ANALYSIS -
[-        ] DIF…YLATION:METHYLKIT_ANALYSIS -
[-        ] DIF…L_METHYLATION:DSS_ANALYSIS -
[-        ] RES…SIS:ANNOTATE_RESULTS_EDGER -
[-        ] RES…YSIS:POST_PROCESSING_EDGER -
[-        ] RES…:ENRICHMENT_ANALYSIS_EDGER -
[-        ] RES…:POST_PROCESSING_METHYLKIT -
[-        ] RES…ICHMENT_ANALYSIS_METHYLKIT -
[-        ] RES…LYSIS:ANNOTATE_RESULTS_DSS -
[-        ] RES…ALYSIS:POST_PROCESSING_DSS -
Plus 10 more processes waiting for tasks…
DIFFERENTIAL_METHYLATION: Prepared coverage files for analysis
DIFFERENTIAL_METHYLATION: Running EdgeR analysis
DIFFERENTIAL_METHYLATION: Running MethylKit analysis
Submitting to DIFFERENTIAL_METHYLATION with method: all
Running RESULT_ANALYSIS...
Starting Unified Clinical Results Layer...

executor >  local (1)
[bf/91b9f3] PRE_STAGE:PRE_STAGE_FILES      | 0 of 1
[-        ] READ_PROCESSING:FASTQC         -
[-        ] REA…PROCESSING:CHECKSUM_VERIFY -
[-        ] READ_PROCESSING:TRIM_GALORE    -
[-        ] PAR…CKS_ANALYSIS:BWAMETH_INDEX -
[-        ] PAR…YSIS:PARABRICKS_FQ2BAMMETH -
[-        ] PAR…KS_ANALYSIS:SAMTOOLS_INDEX -
[-        ] PARABRICKS_ANALYSIS:QUALIMAP   -
[-        ] PAR…KS_ANALYSIS:SAMTOOLS_FAIDX -
[-        ] PAR…LYSIS:METHYLDACKEL_EXTRACT -
[-        ] DIF…METHYLATION:EDGER_ANALYSIS -
[-        ] DIF…YLATION:METHYLKIT_ANALYSIS -
[-        ] DIF…L_METHYLATION:DSS_ANALYSIS -
[-        ] RES…SIS:ANNOTATE_RESULTS_EDGER -
[-        ] RES…YSIS:POST_PROCESSING_EDGER -
[-        ] RES…:ENRICHMENT_ANALYSIS_EDGER -
[-        ] RES…:POST_PROCESSING_METHYLKIT -
[-        ] RES…ICHMENT_ANALYSIS_METHYLKIT -
[-        ] RES…LYSIS:ANNOTATE_RESULTS_DSS -
[-        ] RES…ALYSIS:POST_PROCESSING_DSS -
Plus 11 more processes waiting for tasks…
DIFFERENTIAL_METHYLATION: Prepared coverage files for analysis
DIFFERENTIAL_METHYLATION: Running EdgeR analysis
DIFFERENTIAL_METHYLATION: Running MethylKit analysis
Submitting to DIFFERENTIAL_METHYLATION with method: all
Running RESULT_ANALYSIS...
Starting Unified Clinical Results Layer...
WARN: There's no process matching config selector: SAMTOOLS_MERGE -- Did you mean: SAMTOOLS_SORT?
WARN: Environment variable `R_LIBS_USER` evaluates to an empty value
WARN: Environment variable `R_LIBS_SITE` evaluates to an empty value

executor >  local (9)
[bf/91b9f3] PRE_STAGE:PRE_STAGE_FILES      | 1 of 1 ✔
[86/5cfd00] REA…SSING:FASTQC (ERR11435654) | 0 of 6
[c5/faec1e] REA…CKSUM_VERIFY (ERR11435647) | 0 of 6
[77/67b93a] REA…:TRIM_GALORE (ERR11435661) | 0 of 6
[0f/fa00e1] PAR…8.dna.primary_assembly.fa) | 0 of 1
[-        ] PAR…YSIS:PARABRICKS_FQ2BAMMETH -
[-        ] PAR…KS_ANALYSIS:SAMTOOLS_INDEX -
[-        ] PARABRICKS_ANALYSIS:QUALIMAP   -
[d3/72527c] PAR…8.dna.primary_assembly.fa) | 0 of 1
[-        ] PAR…LYSIS:METHYLDACKEL_EXTRACT -
[-        ] DIF…METHYLATION:EDGER_ANALYSIS -
[-        ] DIF…YLATION:METHYLKIT_ANALYSIS -
[-        ] DIF…L_METHYLATION:DSS_ANALYSIS -
[-        ] RES…SIS:ANNOTATE_RESULTS_EDGER -
[-        ] RES…YSIS:POST_PROCESSING_EDGER -
[-        ] RES…:ENRICHMENT_ANALYSIS_EDGER -
[-        ] RES…:POST_PROCESSING_METHYLKIT -
[-        ] RES…ICHMENT_ANALYSIS_METHYLKIT -
[-        ] RES…LYSIS:ANNOTATE_RESULTS_DSS -
[-        ] RES…ALYSIS:POST_PROCESSING_DSS -
Plus 11 more processes waiting for tasks…






WARN: Environment variable `R_LIBS_USER` evaluates to an empty value
WARN: Environment variable `R_LIBS_SITE` evaluates to an empty value
WARN: Environment variable `R_LIBS_USER` evaluates to an empty value
WARN: Environment variable `R_LIBS_SITE` evaluates to an empty value
WARN: Environment variable `R_LIBS_USER` evaluates to an empty value
WARN: Environment variable `R_LIBS_SITE` evaluates to an empty value
WARN: Environment variable `R_LIBS_USER` evaluates to an empty value
WARN: Environment variable `R_LIBS_SITE` evaluates to an empty value
WARN: Environment variable `R_LIBS_USER` evaluates to an empty value
WARN: Environment variable `R_LIBS_SITE` evaluates to an empty value
WARN: Environment variable `R_LIBS_USER` evaluates to an empty value
WARN: Environment variable `R_LIBS_SITE` evaluates to an empty value
WARN: Environment variable `R_LIBS_USER` evaluates to an empty value
WARN: Environment variable `R_LIBS_SITE` evaluates to an empty value
WARN: Environment variable `R_LIBS_USER` evaluates to an empty value
WARN: Environment variable `R_LIBS_SITE` evaluates to an empty value




executor >  local (10)
[bf/91b9f3] PRE_STAGE:PRE_STAGE_FILES      | 1 of 1 ✔
[d3/0efa86] REA…SSING:FASTQC (ERR11435647) | 0 of 6
[c5/faec1e] REA…CKSUM_VERIFY (ERR11435647) | 0 of 6
[77/67b93a] REA…:TRIM_GALORE (ERR11435661) | 0 of 6
[0f/fa00e1] PAR…8.dna.primary_assembly.fa) | 0 of 1
[-        ] PAR…YSIS:PARABRICKS_FQ2BAMMETH -
[-        ] PAR…KS_ANALYSIS:SAMTOOLS_INDEX -
[-        ] PARABRICKS_ANALYSIS:QUALIMAP   -
[d3/72527c] PAR…8.dna.primary_assembly.fa) | 0 of 1
[-        ] PAR…LYSIS:METHYLDACKEL_EXTRACT -
[-        ] DIF…METHYLATION:EDGER_ANALYSIS -
[-        ] DIF…YLATION:METHYLKIT_ANALYSIS -
[-        ] DIF…L_METHYLATION:DSS_ANALYSIS -
[-        ] RES…SIS:ANNOTATE_RESULTS_EDGER -
[-        ] RES…YSIS:POST_PROCESSING_EDGER -
[-        ] RES…:ENRICHMENT_ANALYSIS_EDGER -
[-        ] RES…:POST_PROCESSING_METHYLKIT -
[-        ] RES…ICHMENT_ANALYSIS_METHYLKIT -
[-        ] RES…LYSIS:ANNOTATE_RESULTS_DSS -
[-        ] RES…ALYSIS:POST_PROCESSING_DSS -
Plus 11 more processes waiting for tasks…
WARN: Environment variable `R_LIBS_USER` evaluates to an empty value
WARN: Environment variable `R_LIBS_SITE` evaluates to an empty value
WARN: Environment variable `R_LIBS_USER` evaluates to an empty value
WARN: Environment variable `R_LIBS_SITE` evaluates to an empty value
WARN: Environment variable `R_LIBS_USER` evaluates to an empty value
WARN: Environment variable `R_LIBS_SITE` evaluates to an empty value
WARN: Environment variable `R_LIBS_USER` evaluates to an empty value
WARN: Environment variable `R_LIBS_SITE` evaluates to an empty value
WARN: Environment variable `R_LIBS_USER` evaluates to an empty value
WARN: Environment variable `R_LIBS_SITE` evaluates to an empty value
WARN: Environment variable `R_LIBS_USER` evaluates to an empty value
WARN: Environment variable `R_LIBS_SITE` evaluates to an empty value
WARN: Environment variable `R_LIBS_USER` evaluates to an empty value
WARN: Environment variable `R_LIBS_SITE` evaluates to an empty value
WARN: Environment variable `R_LIBS_USER` evaluates to an empty value
WARN: Environment variable `R_LIBS_SITE` evaluates to an empty value
WARN: Environment variable `R_LIBS_USER` evaluates to an empty value
WARN: Environment variable `R_LIBS_SITE` evaluates to an empty value
ERROR ~ Error executing process > 'READ_PROCESSING:CHECKSUM_VERIFY (ERR11435647)'

Caused by:
  Process `READ_PROCESSING:CHECKSUM_VERIFY (ERR11435647)` terminated with an error exit status (1)


Command executed:

  if [ "false" = "true" ]; then
      sha256sum ERR11435647_1.fastq.gz > ERR11435647_R1.sha256
  else
      sha256sum ERR11435647_1.fastq.gz > ERR11435647_R1.sha256
      sha256sum ERR11435647_2.fastq.gz > ERR11435647_R2.sha256
  fi

Command exit status:
  1

Command output:
  (empty)

Command error:
  sha256sum: ERR11435647_1.fastq.gz: No such file or directory

Work dir:
  /data/Jyotirmoy/JD/TwistMethylFlow-devel/MethylFlow/work/c5/faec1e6807d547dffb67334c1acf2f

Container:
  /data/Jyotirmoy/singularity_cache/jd21-methylflow-main@sha256-fb1053ea02fa6d98db3d1a17a692a1971c75f5c184b09f75024c7acfba40c6a5.img

Tip: when you have fixed the problem you can continue the execution adding the option `-resume` to the run command line

 -- Check '.nextflow.log' file for details

executor >  local (10)
[bf/91b9f3] PRE_STAGE:PRE_STAGE_FILES      | 1 of 1 ✔
[d3/0efa86] REA…SSING:FASTQC (ERR11435647) | 0 of 6
[c5/faec1e] REA…CKSUM_VERIFY (ERR11435647) | 0 of 6
[77/67b93a] REA…:TRIM_GALORE (ERR11435661) | 0 of 6
[0f/fa00e1] PAR…8.dna.primary_assembly.fa) | 0 of 1
[-        ] PAR…YSIS:PARABRICKS_FQ2BAMMETH -
[-        ] PAR…KS_ANALYSIS:SAMTOOLS_INDEX -
[-        ] PARABRICKS_ANALYSIS:QUALIMAP   -
[d3/72527c] PAR…8.dna.primary_assembly.fa) | 0 of 1
[-        ] PAR…LYSIS:METHYLDACKEL_EXTRACT -
[-        ] DIF…METHYLATION:EDGER_ANALYSIS -
[-        ] DIF…YLATION:METHYLKIT_ANALYSIS -
[-        ] DIF…L_METHYLATION:DSS_ANALYSIS -
[-        ] RES…SIS:ANNOTATE_RESULTS_EDGER -
[-        ] RES…YSIS:POST_PROCESSING_EDGER -
[-        ] RES…:ENRICHMENT_ANALYSIS_EDGER -
[-        ] RES…:POST_PROCESSING_METHYLKIT -
[-        ] RES…ICHMENT_ANALYSIS_METHYLKIT -
[-        ] RES…LYSIS:ANNOTATE_RESULTS_DSS -
[-        ] RES…ALYSIS:POST_PROCESSING_DSS -
Plus 11 more processes waiting for tasks…
Execution cancelled -- Finishing pending tasks before exit
WARN: Environment variable `R_LIBS_USER` evaluates to an empty value
WARN: Environment variable `R_LIBS_SITE` evaluates to an empty value
WARN: Environment variable `R_LIBS_USER` evaluates to an empty value
WARN: Environment variable `R_LIBS_SITE` evaluates to an empty value
WARN: Environment variable `R_LIBS_USER` evaluates to an empty value
WARN: Environment variable `R_LIBS_SITE` evaluates to an empty value
WARN: Environment variable `R_LIBS_USER` evaluates to an empty value
WARN: Environment variable `R_LIBS_SITE` evaluates to an empty value
WARN: Environment variable `R_LIBS_USER` evaluates to an empty value
WARN: Environment variable `R_LIBS_SITE` evaluates to an empty value
WARN: Environment variable `R_LIBS_USER` evaluates to an empty value
WARN: Environment variable `R_LIBS_SITE` evaluates to an empty value
WARN: Environment variable `R_LIBS_USER` evaluates to an empty value
WARN: Environment variable `R_LIBS_SITE` evaluates to an empty value
WARN: Environment variable `R_LIBS_USER` evaluates to an empty value
WARN: Environment variable `R_LIBS_SITE` evaluates to an empty value
WARN: Environment variable `R_LIBS_USER` evaluates to an empty value
WARN: Environment variable `R_LIBS_SITE` evaluates to an empty value
ERROR ~ Error executing process > 'READ_PROCESSING:CHECKSUM_VERIFY (ERR11435647)'

Caused by:
  Process `READ_PROCESSING:CHECKSUM_VERIFY (ERR11435647)` terminated with an error exit status (1)


Command executed:

  if [ "false" = "true" ]; then
      sha256sum ERR11435647_1.fastq.gz > ERR11435647_R1.sha256
  else
      sha256sum ERR11435647_1.fastq.gz > ERR11435647_R1.sha256
      sha256sum ERR11435647_2.fastq.gz > ERR11435647_R2.sha256
  fi

Command exit status:
  1

Command output:
  (empty)

Command error:
  sha256sum: ERR11435647_1.fastq.gz: No such file or directory

Work dir:
  /data/Jyotirmoy/JD/TwistMethylFlow-devel/MethylFlow/work/c5/faec1e6807d547dffb67334c1acf2f

Container:
  /data/Jyotirmoy/singularity_cache/jd21-methylflow-main@sha256-fb1053ea02fa6d98db3d1a17a692a1971c75f5c184b09f75024c7acfba40c6a5.img

Tip: when you have fixed the problem you can continue the execution adding the option `-resume` to the run command line

 -- Check '.nextflow.log' file for details
ERROR ~ Oops... Pipeline execution stopped with the following message: sha256sum: ERR11435647_1.fastq.gz: No such file or directory

 -- Check '.nextflow.log' file for details

executor >  local (10)
[bf/91b9f3] PRE_STAGE:PRE_STAGE_FILES      | 1 of 1 ✔
[d3/0efa86] REA…SSING:FASTQC (ERR11435647) | 0 of 6
[c5/faec1e] REA…CKSUM_VERIFY (ERR11435647) | 0 of 6
[77/67b93a] REA…:TRIM_GALORE (ERR11435661) | 0 of 6
[0f/fa00e1] PAR…8.dna.primary_assembly.fa) | 0 of 1
[-        ] PAR…YSIS:PARABRICKS_FQ2BAMMETH -
[-        ] PAR…KS_ANALYSIS:SAMTOOLS_INDEX -
[-        ] PARABRICKS_ANALYSIS:QUALIMAP   -
[d3/72527c] PAR…8.dna.primary_assembly.fa) | 0 of 1
[-        ] PAR…LYSIS:METHYLDACKEL_EXTRACT -
[-        ] DIF…METHYLATION:EDGER_ANALYSIS -
[-        ] DIF…YLATION:METHYLKIT_ANALYSIS -
[-        ] DIF…L_METHYLATION:DSS_ANALYSIS -
[-        ] RES…SIS:ANNOTATE_RESULTS_EDGER -
[-        ] RES…YSIS:POST_PROCESSING_EDGER -
[-        ] RES…:ENRICHMENT_ANALYSIS_EDGER -
[-        ] RES…:POST_PROCESSING_METHYLKIT -
[-        ] RES…ICHMENT_ANALYSIS_METHYLKIT -
[-        ] RES…LYSIS:ANNOTATE_RESULTS_DSS -
[-        ] RES…ALYSIS:POST_PROCESSING_DSS -
Plus 11 more processes waiting for tasks…
Execution cancelled -- Finishing pending tasks before exit
WARN: Environment variable `R_LIBS_USER` evaluates to an empty value
WARN: Environment variable `R_LIBS_SITE` evaluates to an empty value
WARN: Environment variable `R_LIBS_USER` evaluates to an empty value
WARN: Environment variable `R_LIBS_SITE` evaluates to an empty value
WARN: Environment variable `R_LIBS_USER` evaluates to an empty value
WARN: Environment variable `R_LIBS_SITE` evaluates to an empty value
WARN: Environment variable `R_LIBS_USER` evaluates to an empty value
WARN: Environment variable `R_LIBS_SITE` evaluates to an empty value
WARN: Environment variable `R_LIBS_USER` evaluates to an empty value
WARN: Environment variable `R_LIBS_SITE` evaluates to an empty value
WARN: Environment variable `R_LIBS_USER` evaluates to an empty value
WARN: Environment variable `R_LIBS_SITE` evaluates to an empty value
WARN: Environment variable `R_LIBS_USER` evaluates to an empty value
WARN: Environment variable `R_LIBS_SITE` evaluates to an empty value
WARN: Environment variable `R_LIBS_USER` evaluates to an empty value
WARN: Environment variable `R_LIBS_SITE` evaluates to an empty value
WARN: Environment variable `R_LIBS_USER` evaluates to an empty value
WARN: Environment variable `R_LIBS_SITE` evaluates to an empty value
ERROR ~ Error executing process > 'READ_PROCESSING:CHECKSUM_VERIFY (ERR11435647)'

Caused by:
  Process `READ_PROCESSING:CHECKSUM_VERIFY (ERR11435647)` terminated with an error exit status (1)


Command executed:

  if [ "false" = "true" ]; then
      sha256sum ERR11435647_1.fastq.gz > ERR11435647_R1.sha256
  else
      sha256sum ERR11435647_1.fastq.gz > ERR11435647_R1.sha256
      sha256sum ERR11435647_2.fastq.gz > ERR11435647_R2.sha256
  fi

Command exit status:
  1

Command output:
  (empty)

Command error:
  sha256sum: ERR11435647_1.fastq.gz: No such file or directory

Work dir:
  /data/Jyotirmoy/JD/TwistMethylFlow-devel/MethylFlow/work/c5/faec1e6807d547dffb67334c1acf2f

Container:
  /data/Jyotirmoy/singularity_cache/jd21-methylflow-main@sha256-fb1053ea02fa6d98db3d1a17a692a1971c75f5c184b09f75024c7acfba40c6a5.img

Tip: when you have fixed the problem you can continue the execution adding the option `-resume` to the run command line

 -- Check '.nextflow.log' file for details
ERROR ~ Oops... Pipeline execution stopped with the following message: sha256sum: ERR11435647_1.fastq.gz: No such file or directory

 -- Check '.nextflow.log' file for details

executor >  local (10)
[bf/91b9f3] PRE_STAGE:PRE_STAGE_FILES      | 1 of 1 ✔
[d3/0efa86] REA…SSING:FASTQC (ERR11435647) | 0 of 6
[c5/faec1e] REA…CKSUM_VERIFY (ERR11435647) | 0 of 6
[77/67b93a] REA…:TRIM_GALORE (ERR11435661) | 0 of 6
[0f/fa00e1] PAR…8.dna.primary_assembly.fa) | 0 of 1
[-        ] PAR…YSIS:PARABRICKS_FQ2BAMMETH -
[-        ] PAR…KS_ANALYSIS:SAMTOOLS_INDEX -
[-        ] PARABRICKS_ANALYSIS:QUALIMAP   -
[d3/72527c] PAR…8.dna.primary_assembly.fa) | 0 of 1
[-        ] PAR…LYSIS:METHYLDACKEL_EXTRACT -
[-        ] DIF…METHYLATION:EDGER_ANALYSIS -
[-        ] DIF…YLATION:METHYLKIT_ANALYSIS -
[-        ] DIF…L_METHYLATION:DSS_ANALYSIS -
[-        ] RES…SIS:ANNOTATE_RESULTS_EDGER -
[-        ] RES…YSIS:POST_PROCESSING_EDGER -
[-        ] RES…:ENRICHMENT_ANALYSIS_EDGER -
[-        ] RES…:POST_PROCESSING_METHYLKIT -
[-        ] RES…ICHMENT_ANALYSIS_METHYLKIT -
[-        ] RES…LYSIS:ANNOTATE_RESULTS_DSS -
[-        ] RES…ALYSIS:POST_PROCESSING_DSS -
Plus 11 more processes waiting for tasks…
Execution cancelled -- Finishing pending tasks before exit
WARN: Environment variable `R_LIBS_USER` evaluates to an empty value
WARN: Environment variable `R_LIBS_SITE` evaluates to an empty value
WARN: Environment variable `R_LIBS_USER` evaluates to an empty value
WARN: Environment variable `R_LIBS_SITE` evaluates to an empty value
WARN: Environment variable `R_LIBS_USER` evaluates to an empty value
WARN: Environment variable `R_LIBS_SITE` evaluates to an empty value
WARN: Environment variable `R_LIBS_USER` evaluates to an empty value
WARN: Environment variable `R_LIBS_SITE` evaluates to an empty value
WARN: Environment variable `R_LIBS_USER` evaluates to an empty value
WARN: Environment variable `R_LIBS_SITE` evaluates to an empty value
WARN: Environment variable `R_LIBS_USER` evaluates to an empty value
WARN: Environment variable `R_LIBS_SITE` evaluates to an empty value
WARN: Environment variable `R_LIBS_USER` evaluates to an empty value
WARN: Environment variable `R_LIBS_SITE` evaluates to an empty value
WARN: Environment variable `R_LIBS_USER` evaluates to an empty value
WARN: Environment variable `R_LIBS_SITE` evaluates to an empty value
WARN: Environment variable `R_LIBS_USER` evaluates to an empty value
WARN: Environment variable `R_LIBS_SITE` evaluates to an empty value
ERROR ~ Error executing process > 'READ_PROCESSING:CHECKSUM_VERIFY (ERR11435647)'

Caused by:
  Process `READ_PROCESSING:CHECKSUM_VERIFY (ERR11435647)` terminated with an error exit status (1)


Command executed:

  if [ "false" = "true" ]; then
      sha256sum ERR11435647_1.fastq.gz > ERR11435647_R1.sha256
  else
      sha256sum ERR11435647_1.fastq.gz > ERR11435647_R1.sha256
      sha256sum ERR11435647_2.fastq.gz > ERR11435647_R2.sha256
  fi

Command exit status:
  1

Command output:
  (empty)

Command error:
  sha256sum: ERR11435647_1.fastq.gz: No such file or directory

Work dir:
  /data/Jyotirmoy/JD/TwistMethylFlow-devel/MethylFlow/work/c5/faec1e6807d547dffb67334c1acf2f

Container:
  /data/Jyotirmoy/singularity_cache/jd21-methylflow-main@sha256-fb1053ea02fa6d98db3d1a17a692a1971c75f5c184b09f75024c7acfba40c6a5.img

Tip: when you have fixed the problem you can continue the execution adding the option `-resume` to the run command line

 -- Check '.nextflow.log' file for details
ERROR ~ Oops... Pipeline execution stopped with the following message: sha256sum: ERR11435647_1.fastq.gz: No such file or directory

 -- Check '.nextflow.log' file for details

executor >  local (10)
[bf/91b9f3] PRE_STAGE:PRE_STAGE_FILES      | 1 of 1 ✔
[d3/0efa86] REA…SSING:FASTQC (ERR11435647) | 0 of 6
[c5/faec1e] REA…CKSUM_VERIFY (ERR11435647) | 0 of 6
[77/67b93a] REA…:TRIM_GALORE (ERR11435661) | 0 of 6
[0f/fa00e1] PAR…8.dna.primary_assembly.fa) | 0 of 1
[-        ] PAR…YSIS:PARABRICKS_FQ2BAMMETH -
[-        ] PAR…KS_ANALYSIS:SAMTOOLS_INDEX -
[-        ] PARABRICKS_ANALYSIS:QUALIMAP   -
[d3/72527c] PAR…8.dna.primary_assembly.fa) | 1 of 1 ✔
[-        ] PAR…LYSIS:METHYLDACKEL_EXTRACT -
[-        ] DIF…METHYLATION:EDGER_ANALYSIS -
[-        ] DIF…YLATION:METHYLKIT_ANALYSIS -
[-        ] DIF…L_METHYLATION:DSS_ANALYSIS -
[-        ] RES…SIS:ANNOTATE_RESULTS_EDGER -
[-        ] RES…YSIS:POST_PROCESSING_EDGER -
[-        ] RES…:ENRICHMENT_ANALYSIS_EDGER -
[-        ] RES…:POST_PROCESSING_METHYLKIT -
[-        ] RES…ICHMENT_ANALYSIS_METHYLKIT -
[-        ] RES…LYSIS:ANNOTATE_RESULTS_DSS -
[-        ] RES…ALYSIS:POST_PROCESSING_DSS -
Plus 11 more processes waiting for tasks…
Execution cancelled -- Finishing pending tasks before exit
WARN: Environment variable `R_LIBS_USER` evaluates to an empty value
WARN: Environment variable `R_LIBS_SITE` evaluates to an empty value
WARN: Environment variable `R_LIBS_USER` evaluates to an empty value
WARN: Environment variable `R_LIBS_SITE` evaluates to an empty value
WARN: Environment variable `R_LIBS_USER` evaluates to an empty value
WARN: Environment variable `R_LIBS_SITE` evaluates to an empty value
WARN: Environment variable `R_LIBS_USER` evaluates to an empty value
WARN: Environment variable `R_LIBS_SITE` evaluates to an empty value
WARN: Environment variable `R_LIBS_USER` evaluates to an empty value
WARN: Environment variable `R_LIBS_SITE` evaluates to an empty value
WARN: Environment variable `R_LIBS_USER` evaluates to an empty value
WARN: Environment variable `R_LIBS_SITE` evaluates to an empty value
WARN: Environment variable `R_LIBS_USER` evaluates to an empty value
WARN: Environment variable `R_LIBS_SITE` evaluates to an empty value
WARN: Environment variable `R_LIBS_USER` evaluates to an empty value
WARN: Environment variable `R_LIBS_SITE` evaluates to an empty value
WARN: Environment variable `R_LIBS_USER` evaluates to an empty value
WARN: Environment variable `R_LIBS_SITE` evaluates to an empty value
ERROR ~ Error executing process > 'READ_PROCESSING:CHECKSUM_VERIFY (ERR11435647)'

Caused by:
  Process `READ_PROCESSING:CHECKSUM_VERIFY (ERR11435647)` terminated with an error exit status (1)


Command executed:

  if [ "false" = "true" ]; then
      sha256sum ERR11435647_1.fastq.gz > ERR11435647_R1.sha256
  else
      sha256sum ERR11435647_1.fastq.gz > ERR11435647_R1.sha256
      sha256sum ERR11435647_2.fastq.gz > ERR11435647_R2.sha256
  fi

Command exit status:
  1

Command output:
  (empty)

Command error:
  sha256sum: ERR11435647_1.fastq.gz: No such file or directory

Work dir:
  /data/Jyotirmoy/JD/TwistMethylFlow-devel/MethylFlow/work/c5/faec1e6807d547dffb67334c1acf2f

Container:
  /data/Jyotirmoy/singularity_cache/jd21-methylflow-main@sha256-fb1053ea02fa6d98db3d1a17a692a1971c75f5c184b09f75024c7acfba40c6a5.img

Tip: when you have fixed the problem you can continue the execution adding the option `-resume` to the run command line

 -- Check '.nextflow.log' file for details
ERROR ~ Oops... Pipeline execution stopped with the following message: sha256sum: ERR11435647_1.fastq.gz: No such file or directory

 -- Check '.nextflow.log' file for details
